May 28 07:51:43 localhost journal: Runtime journal is using 8.0M (max allowed 90.6M, trying to leave 136.0M free of 898.9M available → current limit 90.6M).
May 28 07:51:43 localhost kernel: Initializing cgroup subsys cpuset
May 28 07:51:43 localhost kernel: Initializing cgroup subsys cpu
May 28 07:51:43 localhost kernel: Initializing cgroup subsys cpuacct
May 28 07:51:43 localhost kernel: Linux version 3.10.0-1127.el7.x86_64 (mockbuild@kbuilder.bsys.centos.org) (gcc version 4.8.5 20150623 (Red Hat 4.8.5-39) (GCC) ) #1 SMP Tue Mar 31 23:36:51 UTC 2020
May 28 07:51:43 localhost kernel: Command line: BOOT_IMAGE=/boot/vmlinuz-3.10.0-1127.el7.x86_64 root=UUID=1c419d6c-5064-4a2b-953c-05b2c67edb15 ro no_timer_check console=tty0 console=ttyS0,115200n8 net.ifnames=0 biosdevname=0 elevator=noop crashkernel=auto LANG=en_US.UTF-8
May 28 07:51:43 localhost kernel: e820: BIOS-provided physical RAM map:
May 28 07:51:43 localhost kernel: BIOS-e820: [mem 0x0000000000000000-0x000000000009fbff] usable
May 28 07:51:43 localhost kernel: BIOS-e820: [mem 0x000000000009fc00-0x000000000009ffff] reserved
May 28 07:51:43 localhost kernel: BIOS-e820: [mem 0x00000000000f0000-0x00000000000fffff] reserved
May 28 07:51:43 localhost kernel: BIOS-e820: [mem 0x0000000000100000-0x000000007e7effff] usable
May 28 07:51:43 localhost kernel: BIOS-e820: [mem 0x000000007e7f0000-0x000000007e7fffff] ACPI data
May 28 07:51:43 localhost kernel: BIOS-e820: [mem 0x00000000fec00000-0x00000000fec00fff] reserved
May 28 07:51:43 localhost kernel: BIOS-e820: [mem 0x00000000fee00000-0x00000000fee00fff] reserved
May 28 07:51:43 localhost kernel: BIOS-e820: [mem 0x00000000fffc0000-0x00000000ffffffff] reserved
May 28 07:51:43 localhost kernel: NX (Execute Disable) protection: active
May 28 07:51:43 localhost kernel: SMBIOS 2.5 present.
May 28 07:51:43 localhost kernel: DMI: innotek GmbH VirtualBox/VirtualBox, BIOS VirtualBox 12/01/2006
May 28 07:51:43 localhost kernel: Hypervisor detected: KVM
May 28 07:51:43 localhost kernel: e820: last_pfn = 0x7e7f0 max_arch_pfn = 0x400000000
May 28 07:51:43 localhost kernel: PAT configuration [0-7]: WB  WC  UC- UC  WB  WP  UC- UC  
May 28 07:51:43 localhost kernel: CPU MTRRs all blank - virtualized system.
May 28 07:51:43 localhost kernel: found SMP MP-table at [mem 0x0009fff0-0x0009ffff] mapped at [ffffffffff200ff0]
May 28 07:51:43 localhost kernel: RAMDISK: [mem 0x36846000-0x3741afff]
May 28 07:51:43 localhost kernel: Early table checksum verification disabled
May 28 07:51:43 localhost kernel: ACPI: RSDP 00000000000e0000 00024 (v02 VBOX  )
May 28 07:51:43 localhost kernel: ACPI: XSDT 000000007e7f0030 0003C (v01 VBOX   VBOXXSDT 00000001 ASL  00000061)
May 28 07:51:43 localhost kernel: ACPI: FACP 000000007e7f00f0 000F4 (v04 VBOX   VBOXFACP 00000001 ASL  00000061)
May 28 07:51:43 localhost kernel: ACPI: DSDT 000000007e7f0470 02325 (v02 VBOX   VBOXBIOS 00000002 INTL 20100528)
May 28 07:51:43 localhost kernel: ACPI: FACS 000000007e7f0200 00040
May 28 07:51:43 localhost kernel: ACPI: APIC 000000007e7f0240 00054 (v02 VBOX   VBOXAPIC 00000001 ASL  00000061)
May 28 07:51:43 localhost kernel: ACPI: SSDT 000000007e7f02a0 001CC (v01 VBOX   VBOXCPUT 00000002 INTL 20100528)
May 28 07:51:43 localhost kernel: No NUMA configuration found
May 28 07:51:43 localhost kernel: Faking a node at [mem 0x0000000000000000-0x000000007e7effff]
May 28 07:51:43 localhost kernel: NODE_DATA(0) allocated [mem 0x7e7c9000-0x7e7effff]
May 28 07:51:43 localhost kernel: Reserving 161MB of memory at 704MB for crashkernel (System RAM: 2023MB)
May 28 07:51:43 localhost kernel: kvm-clock: cpu 0, msr 0:7e778001, primary cpu clock
May 28 07:51:43 localhost kernel: kvm-clock: Using msrs 4b564d01 and 4b564d00
May 28 07:51:43 localhost kernel: kvm-clock: using sched offset of 4827954866 cycles
May 28 07:51:43 localhost kernel: Zone ranges:
May 28 07:51:43 localhost kernel:  DMA      [mem 0x00001000-0x00ffffff]
May 28 07:51:43 localhost kernel:  DMA32    [mem 0x01000000-0xffffffff]
May 28 07:51:43 localhost kernel:  Normal   empty
May 28 07:51:43 localhost kernel: Movable zone start for each node
May 28 07:51:43 localhost kernel: Early memory node ranges
May 28 07:51:43 localhost kernel:  node   0: [mem 0x00001000-0x0009efff]
May 28 07:51:43 localhost kernel:  node   0: [mem 0x00100000-0x7e7effff]
May 28 07:51:43 localhost kernel: Initmem setup node 0 [mem 0x00001000-0x7e7effff]
May 28 07:51:43 localhost kernel: ACPI: PM-Timer IO Port: 0x4008
May 28 07:51:43 localhost kernel: ACPI: LAPIC (acpi_id[0x00] lapic_id[0x00] enabled)
May 28 07:51:43 localhost kernel: ACPI: IOAPIC (id[0x01] address[0xfec00000] gsi_base[0])
May 28 07:51:43 localhost kernel: IOAPIC[0]: apic_id 1, version 32, address 0xfec00000, GSI 0-23
May 28 07:51:43 localhost kernel: ACPI: INT_SRC_OVR (bus 0 bus_irq 0 global_irq 2 dfl dfl)
May 28 07:51:43 localhost kernel: ACPI: INT_SRC_OVR (bus 0 bus_irq 9 global_irq 9 low level)
May 28 07:51:43 localhost kernel: Using ACPI (MADT) for SMP configuration information
May 28 07:51:43 localhost kernel: smpboot: Allowing 1 CPUs, 0 hotplug CPUs
May 28 07:51:43 localhost kernel: PM: Registered nosave memory: [mem 0x0009f000-0x0009ffff]
May 28 07:51:43 localhost kernel: PM: Registered nosave memory: [mem 0x000a0000-0x000effff]
May 28 07:51:43 localhost kernel: PM: Registered nosave memory: [mem 0x000f0000-0x000fffff]
May 28 07:51:43 localhost kernel: e820: [mem 0x7e800000-0xfebfffff] available for PCI devices
May 28 07:51:43 localhost kernel: Booting paravirtualized kernel on KVM
May 28 07:51:43 localhost kernel: Detected CPU family 6 model 76 stepping 4
May 28 07:51:43 localhost kernel: Warning: Intel Processor - this hardware has not undergone upstream testing. Please consult http://wiki.centos.org/FAQ for more information
May 28 07:51:43 localhost kernel: setup_percpu: NR_CPUS:5120 nr_cpumask_bits:1 nr_cpu_ids:1 nr_node_ids:1
May 28 07:51:43 localhost kernel: percpu: Embedded 38 pages/cpu s118784 r8192 d28672 u2097152
May 28 07:51:43 localhost kernel: Built 1 zonelists in Node order, mobility grouping on.  Total pages: 509913
May 28 07:51:43 localhost kernel: Policy zone: DMA32
May 28 07:51:43 localhost kernel: Kernel command line: BOOT_IMAGE=/boot/vmlinuz-3.10.0-1127.el7.x86_64 root=UUID=1c419d6c-5064-4a2b-953c-05b2c67edb15 ro no_timer_check console=tty0 console=ttyS0,115200n8 net.ifnames=0 biosdevname=0 elevator=noop crashkernel=auto LANG=en_US.UTF-8
May 28 07:51:43 localhost kernel: PID hash table entries: 4096 (order: 3, 32768 bytes)
May 28 07:51:43 localhost kernel: Memory: 1842456k/2072512k available (7784k kernel code, 392k absent, 229664k reserved, 5957k data, 1980k init)
May 28 07:51:43 localhost kernel: SLUB: HWalign=64, Order=0-3, MinObjects=0, CPUs=1, Nodes=1
May 28 07:51:43 localhost kernel: x86/pti: Unmapping kernel while in userspace
May 28 07:51:43 localhost kernel: Hierarchical RCU implementation.
May 28 07:51:43 localhost kernel: #011RCU restricting CPUs from NR_CPUS=5120 to nr_cpu_ids=1.
May 28 07:51:43 localhost kernel: NR_IRQS:327936 nr_irqs:256 0
May 28 07:51:43 localhost kernel: Console: colour VGA+ 80x25
May 28 07:51:43 localhost kernel: console [tty0] enabled
May 28 07:51:43 localhost kernel: console [ttyS0] enabled
May 28 07:51:43 localhost kernel: allocated 8388608 bytes of page_cgroup
May 28 07:51:43 localhost kernel: please try 'cgroup_disable=memory' option if you don't want memory cgroups
May 28 07:51:43 localhost kernel: tsc: Detected 1600.013 MHz processor
May 28 07:51:43 localhost kernel: Calibrating delay loop (skipped) preset value.. 3200.02 BogoMIPS (lpj=1600013)
May 28 07:51:43 localhost kernel: pid_max: default: 32768 minimum: 301
May 28 07:51:43 localhost kernel: Security Framework initialized
May 28 07:51:43 localhost kernel: SELinux:  Initializing.
May 28 07:51:43 localhost kernel: Yama: becoming mindful.
May 28 07:51:43 localhost kernel: Dentry cache hash table entries: 262144 (order: 9, 2097152 bytes)
May 28 07:51:43 localhost kernel: Inode-cache hash table entries: 131072 (order: 8, 1048576 bytes)
May 28 07:51:43 localhost kernel: Mount-cache hash table entries: 4096 (order: 3, 32768 bytes)
May 28 07:51:43 localhost kernel: Mountpoint-cache hash table entries: 4096 (order: 3, 32768 bytes)
May 28 07:51:43 localhost kernel: Initializing cgroup subsys memory
May 28 07:51:43 localhost kernel: Initializing cgroup subsys devices
May 28 07:51:43 localhost kernel: Initializing cgroup subsys freezer
May 28 07:51:43 localhost kernel: Initializing cgroup subsys net_cls
May 28 07:51:43 localhost kernel: Initializing cgroup subsys blkio
May 28 07:51:43 localhost kernel: Initializing cgroup subsys perf_event
May 28 07:51:43 localhost kernel: Initializing cgroup subsys hugetlb
May 28 07:51:43 localhost kernel: Initializing cgroup subsys pids
May 28 07:51:43 localhost kernel: Initializing cgroup subsys net_prio
May 28 07:51:43 localhost kernel: Last level iTLB entries: 4KB 0, 2MB 0, 4MB 0
May 28 07:51:43 localhost kernel: Last level dTLB entries: 4KB 256, 2MB 0, 4MB 0
May 28 07:51:43 localhost kernel: tlb_flushall_shift: 6
May 28 07:51:43 localhost kernel: FEATURE SPEC_CTRL Not Present
May 28 07:51:43 localhost kernel: FEATURE IBPB_SUPPORT Not Present
May 28 07:51:43 localhost kernel: Spectre V1 : Mitigation: Load fences, usercopy/swapgs barriers and __user pointer sanitization
May 28 07:51:43 localhost kernel: Spectre V2 : Vulnerable: Retpoline without IBPB
May 28 07:51:43 localhost kernel: MDS: Vulnerable: Clear CPU buffers attempted, no microcode
May 28 07:51:43 localhost kernel: Freeing SMP alternatives: 28k freed
May 28 07:51:43 localhost kernel: ACPI: Core revision 20130517
May 28 07:51:43 localhost kernel: ACPI: All ACPI Tables successfully acquired
May 28 07:51:43 localhost kernel: ftrace: allocating 29618 entries in 116 pages
May 28 07:51:43 localhost kernel: Enabling x2apic
May 28 07:51:43 localhost kernel: Enabled x2apic
May 28 07:51:43 localhost kernel: Switched APIC routing to physical x2apic.
May 28 07:51:43 localhost kernel: ..TIMER: vector=0x30 apic1=0 pin1=2 apic2=-1 pin2=-1
May 28 07:51:43 localhost kernel: smpboot: CPU0: Intel(R) Celeron(R) CPU  J3060  @ 1.60GHz (fam: 06, model: 4c, stepping: 04)
May 28 07:51:43 localhost kernel: random: fast init done
May 28 07:51:43 localhost kernel: APIC calibration not consistent with PM-Timer: 117ms instead of 100ms
May 28 07:51:43 localhost kernel: APIC delta adjusted to PM-Timer: 6356325 (7437786)
May 28 07:51:43 localhost kernel: Performance Events: unsupported p6 CPU model 76 no PMU driver, software events only.
May 28 07:51:43 localhost kernel: KVM setup paravirtual spinlock
May 28 07:51:43 localhost kernel: Brought up 1 CPUs
May 28 07:51:43 localhost kernel: smpboot: Max logical packages: 1
May 28 07:51:43 localhost kernel: smpboot: Total of 1 processors activated (3200.02 BogoMIPS)
May 28 07:51:43 localhost kernel: devtmpfs: initialized
May 28 07:51:43 localhost kernel: x86/mm: Memory block size: 128MB
May 28 07:51:43 localhost kernel: EVM: security.selinux
May 28 07:51:43 localhost kernel: EVM: security.ima
May 28 07:51:43 localhost kernel: EVM: security.capability
May 28 07:51:43 localhost kernel: atomic64 test passed for x86-64 platform with CX8 and with SSE
May 28 07:51:43 localhost kernel: pinctrl core: initialized pinctrl subsystem
May 28 07:51:43 localhost kernel: RTC time:  7:51:42, date: 05/28/20
May 28 07:51:43 localhost kernel: NET: Registered protocol family 16
May 28 07:51:43 localhost kernel: cpuidle: using governor haltpoll
May 28 07:51:43 localhost kernel: ACPI: bus type PCI registered
May 28 07:51:43 localhost kernel: acpiphp: ACPI Hot Plug PCI Controller Driver version: 0.5
May 28 07:51:43 localhost kernel: PCI: Using configuration type 1 for base access
May 28 07:51:43 localhost kernel: ACPI: Added _OSI(Module Device)
May 28 07:51:43 localhost kernel: ACPI: Added _OSI(Processor Device)
May 28 07:51:43 localhost kernel: ACPI: Added _OSI(3.0 _SCP Extensions)
May 28 07:51:43 localhost kernel: ACPI: Added _OSI(Processor Aggregator Device)
May 28 07:51:43 localhost kernel: ACPI: Added _OSI(Linux-Dell-Video)
May 28 07:51:43 localhost kernel: ACPI: Executed 1 blocks of module-level executable AML code
May 28 07:51:43 localhost kernel: ACPI: Interpreter enabled
May 28 07:51:43 localhost kernel: ACPI: (supports S0 S5)
May 28 07:51:43 localhost kernel: ACPI: Using IOAPIC for interrupt routing
May 28 07:51:43 localhost kernel: PCI: Using host bridge windows from ACPI; if necessary, use "pci=nocrs" and report a bug
May 28 07:51:43 localhost kernel: ACPI: Enabled 2 GPEs in block 00 to 07
May 28 07:51:43 localhost kernel: ACPI: PCI Root Bridge [PCI0] (domain 0000 [bus 00-ff])
May 28 07:51:43 localhost kernel: acpi PNP0A03:00: _OSC: OS supports [ASPM ClockPM Segments MSI]
May 28 07:51:43 localhost kernel: acpi PNP0A03:00: _OSC: not requesting OS control; OS requires [ExtendedConfig ASPM ClockPM MSI]
May 28 07:51:43 localhost kernel: acpi PNP0A03:00: fail to add MMCONFIG information, can't access extended PCI configuration space under this bridge.
May 28 07:51:43 localhost kernel: PCI host bridge to bus 0000:00
May 28 07:51:43 localhost kernel: pci_bus 0000:00: root bus resource [io  0x0000-0x0cf7 window]
May 28 07:51:43 localhost kernel: pci_bus 0000:00: root bus resource [io  0x0d00-0xffff window]
May 28 07:51:43 localhost kernel: pci_bus 0000:00: root bus resource [mem 0x000a0000-0x000bffff window]
May 28 07:51:43 localhost kernel: pci_bus 0000:00: root bus resource [mem 0x7e800000-0xfdffffff window]
May 28 07:51:43 localhost kernel: pci_bus 0000:00: root bus resource [bus 00-ff]
May 28 07:51:43 localhost kernel: pci 0000:00:01.1: legacy IDE quirk: reg 0x10: [io  0x01f0-0x01f7]
May 28 07:51:43 localhost kernel: pci 0000:00:01.1: legacy IDE quirk: reg 0x14: [io  0x03f6]
May 28 07:51:43 localhost kernel: pci 0000:00:01.1: legacy IDE quirk: reg 0x18: [io  0x0170-0x0177]
May 28 07:51:43 localhost kernel: pci 0000:00:01.1: legacy IDE quirk: reg 0x1c: [io  0x0376]
May 28 07:51:43 localhost kernel: pci 0000:00:07.0: quirk: [io  0x4000-0x403f] claimed by PIIX4 ACPI
May 28 07:51:43 localhost kernel: pci 0000:00:07.0: quirk: [io  0x4100-0x410f] claimed by PIIX4 SMB
May 28 07:51:43 localhost kernel: ACPI: PCI Interrupt Link [LNKA] (IRQs 5 9 10 *11)
May 28 07:51:43 localhost kernel: ACPI: PCI Interrupt Link [LNKB] (IRQs 5 9 *10 11)
May 28 07:51:43 localhost kernel: ACPI: PCI Interrupt Link [LNKC] (IRQs 5 *9 10 11)
May 28 07:51:43 localhost kernel: ACPI: PCI Interrupt Link [LNKD] (IRQs 5 9 10 *11)
May 28 07:51:43 localhost kernel: vgaarb: device added: PCI:0000:00:02.0,decodes=io+mem,owns=io+mem,locks=none
May 28 07:51:43 localhost kernel: vgaarb: loaded
May 28 07:51:43 localhost kernel: vgaarb: bridge control possible 0000:00:02.0
May 28 07:51:43 localhost kernel: SCSI subsystem initialized
May 28 07:51:43 localhost kernel: ACPI: bus type USB registered
May 28 07:51:43 localhost kernel: usbcore: registered new interface driver usbfs
May 28 07:51:43 localhost kernel: usbcore: registered new interface driver hub
May 28 07:51:43 localhost kernel: usbcore: registered new device driver usb
May 28 07:51:43 localhost kernel: EDAC MC: Ver: 3.0.0
May 28 07:51:43 localhost kernel: PCI: Using ACPI for IRQ routing
May 28 07:51:43 localhost kernel: NetLabel: Initializing
May 28 07:51:43 localhost kernel: NetLabel:  domain hash size = 128
May 28 07:51:43 localhost kernel: NetLabel:  protocols = UNLABELED CIPSOv4
May 28 07:51:43 localhost kernel: NetLabel:  unlabeled traffic allowed by default
May 28 07:51:43 localhost kernel: amd_nb: Cannot enumerate AMD northbridges
May 28 07:51:43 localhost kernel: Switched to clocksource kvm-clock
May 28 07:51:43 localhost kernel: pnp: PnP ACPI init
May 28 07:51:43 localhost kernel: ACPI: bus type PNP registered
May 28 07:51:43 localhost kernel: pnp: PnP ACPI: found 2 devices
May 28 07:51:43 localhost kernel: ACPI: bus type PNP unregistered
May 28 07:51:43 localhost kernel: NET: Registered protocol family 2
May 28 07:51:43 localhost kernel: TCP established hash table entries: 16384 (order: 5, 131072 bytes)
May 28 07:51:43 localhost kernel: TCP bind hash table entries: 16384 (order: 6, 262144 bytes)
May 28 07:51:43 localhost kernel: TCP: Hash tables configured (established 16384 bind 16384)
May 28 07:51:43 localhost kernel: TCP: reno registered
May 28 07:51:43 localhost kernel: UDP hash table entries: 1024 (order: 3, 32768 bytes)
May 28 07:51:43 localhost kernel: UDP-Lite hash table entries: 1024 (order: 3, 32768 bytes)
May 28 07:51:43 localhost kernel: NET: Registered protocol family 1
May 28 07:51:43 localhost kernel: pci 0000:00:00.0: Limiting direct PCI/PCI transfers
May 28 07:51:43 localhost kernel: pci 0000:00:01.0: Activating ISA DMA hang workarounds
May 28 07:51:43 localhost kernel: Unpacking initramfs...
May 28 07:51:43 localhost kernel: Freeing initrd memory: 12116k freed
May 28 07:51:43 localhost kernel: platform rtc_cmos: registered platform RTC device (no PNP device found)
May 28 07:51:43 localhost kernel: sha1_ssse3: Using SSSE3 optimized SHA-1 implementation
May 28 07:51:43 localhost kernel: sha256_ssse3: Using SSSE3 optimized SHA-256 implementation
May 28 07:51:43 localhost kernel: futex hash table entries: 256 (order: 2, 16384 bytes)
May 28 07:51:43 localhost kernel: Initialise system trusted keyring
May 28 07:51:43 localhost kernel: audit: initializing netlink socket (disabled)
May 28 07:51:43 localhost kernel: type=2000 audit(1590652309.092:1): initialized
May 28 07:51:43 localhost kernel: HugeTLB registered 2 MB page size, pre-allocated 0 pages
May 28 07:51:43 localhost kernel: zpool: loaded
May 28 07:51:43 localhost kernel: zbud: loaded
May 28 07:51:43 localhost kernel: VFS: Disk quotas dquot_6.5.2
May 28 07:51:43 localhost kernel: Dquot-cache hash table entries: 512 (order 0, 4096 bytes)
May 28 07:51:43 localhost kernel: Key type big_key registered
May 28 07:51:43 localhost kernel: NET: Registered protocol family 38
May 28 07:51:43 localhost kernel: Key type asymmetric registered
May 28 07:51:43 localhost kernel: Asymmetric key parser 'x509' registered
May 28 07:51:43 localhost kernel: Block layer SCSI generic (bsg) driver version 0.4 loaded (major 248)
May 28 07:51:43 localhost kernel: io scheduler noop registered (default)
May 28 07:51:43 localhost kernel: io scheduler deadline registered
May 28 07:51:43 localhost kernel: io scheduler cfq registered
May 28 07:51:43 localhost kernel: io scheduler mq-deadline registered
May 28 07:51:43 localhost kernel: io scheduler kyber registered
May 28 07:51:43 localhost kernel: pci_hotplug: PCI Hot Plug PCI Core version: 0.5
May 28 07:51:43 localhost kernel: pciehp: PCI Express Hot Plug Controller Driver version: 0.4
May 28 07:51:43 localhost kernel: shpchp: Standard Hot Plug PCI Controller Driver version: 0.4
May 28 07:51:43 localhost kernel: ACPI: AC Adapter [AC] (on-line)
May 28 07:51:43 localhost kernel: input: Power Button as /devices/LNXSYSTM:00/LNXPWRBN:00/input/input0
May 28 07:51:43 localhost kernel: ACPI: Power Button [PWRF]
May 28 07:51:43 localhost kernel: input: Sleep Button as /devices/LNXSYSTM:00/LNXSLPBN:00/input/input1
May 28 07:51:43 localhost kernel: ACPI: Sleep Button [SLPF]
May 28 07:51:43 localhost kernel: GHES: HEST is not enabled!
May 28 07:51:43 localhost kernel: Serial: 8250/16550 driver, 4 ports, IRQ sharing enabled
May 28 07:51:43 localhost kernel: Non-volatile memory driver v1.3
May 28 07:51:43 localhost kernel: Linux agpgart interface v0.103
May 28 07:51:43 localhost kernel: crash memory driver: version 1.1
May 28 07:51:43 localhost kernel: rdac: device handler registered
May 28 07:51:43 localhost kernel: hp_sw: device handler registered
May 28 07:51:43 localhost kernel: emc: device handler registered
May 28 07:51:43 localhost kernel: alua: device handler registered
May 28 07:51:43 localhost kernel: libphy: Fixed MDIO Bus: probed
May 28 07:51:43 localhost kernel: ehci_hcd: USB 2.0 'Enhanced' Host Controller (EHCI) Driver
May 28 07:51:43 localhost kernel: ehci-pci: EHCI PCI platform driver
May 28 07:51:43 localhost kernel: ohci_hcd: USB 1.1 'Open' Host Controller (OHCI) Driver
May 28 07:51:43 localhost kernel: ohci-pci: OHCI PCI platform driver
May 28 07:51:43 localhost kernel: uhci_hcd: USB Universal Host Controller Interface driver
May 28 07:51:43 localhost kernel: usbcore: registered new interface driver usbserial_generic
May 28 07:51:43 localhost kernel: usbserial: USB Serial support registered for generic
May 28 07:51:43 localhost kernel: i8042: PNP: PS/2 Controller [PNP0303:PS2K,PNP0f03:PS2M] at 0x60,0x64 irq 1,12
May 28 07:51:43 localhost kernel: serio: i8042 KBD port at 0x60,0x64 irq 1
May 28 07:51:43 localhost kernel: serio: i8042 AUX port at 0x60,0x64 irq 12
May 28 07:51:43 localhost kernel: mousedev: PS/2 mouse device common for all mice
May 28 07:51:43 localhost kernel: input: AT Translated Set 2 keyboard as /devices/platform/i8042/serio0/input/input2
May 28 07:51:43 localhost kernel: rtc_cmos rtc_cmos: rtc core: registered rtc_cmos as rtc0
May 28 07:51:43 localhost kernel: rtc_cmos rtc_cmos: alarms up to one day, 114 bytes nvram
May 28 07:51:43 localhost kernel: hidraw: raw HID events driver (C) Jiri Kosina
May 28 07:51:43 localhost kernel: usbcore: registered new interface driver usbhid
May 28 07:51:43 localhost kernel: usbhid: USB HID core driver
May 28 07:51:43 localhost kernel: drop_monitor: Initializing network drop monitor service
May 28 07:51:43 localhost kernel: TCP: cubic registered
May 28 07:51:43 localhost kernel: Initializing XFRM netlink socket
May 28 07:51:43 localhost kernel: NET: Registered protocol family 10
May 28 07:51:43 localhost kernel: NET: Registered protocol family 17
May 28 07:51:43 localhost kernel: mpls_gso: MPLS GSO support
May 28 07:51:43 localhost kernel: mce: Using 0 MCE banks
May 28 07:51:43 localhost kernel: Loading compiled-in X.509 certificates
May 28 07:51:43 localhost kernel: Loaded X.509 cert 'CentOS Linux kpatch signing key: ea0413152cde1d98ebdca3fe6f0230904c9ef717'
May 28 07:51:43 localhost kernel: Loaded X.509 cert 'CentOS Linux Driver update signing key: 7f421ee0ab69461574bb358861dbe77762a4201b'
May 28 07:51:43 localhost kernel: Loaded X.509 cert 'CentOS Linux kernel signing key: 690e8a482fe76bfbf231d860f0c662d8f1173d57'
May 28 07:51:43 localhost kernel: registered taskstats version 1
May 28 07:51:43 localhost kernel: Key type trusted registered
May 28 07:51:43 localhost kernel: Key type encrypted registered
May 28 07:51:43 localhost kernel: IMA: No TPM chip found, activating TPM-bypass! (rc=-19)
May 28 07:51:43 localhost kernel:  Magic number: 4:179:876
May 28 07:51:43 localhost kernel: rtc_cmos rtc_cmos: setting system clock to 2020-05-28 07:51:43 UTC (1590652303)
May 28 07:51:43 localhost kernel: Freeing unused kernel memory: 1980k freed
May 28 07:51:43 localhost kernel: Write protecting the kernel read-only data: 12288k
May 28 07:51:43 localhost kernel: Freeing unused kernel memory: 396k freed
May 28 07:51:43 localhost kernel: Freeing unused kernel memory: 540k freed
May 28 07:51:43 localhost systemd[1]: systemd 219 running in system mode. (+PAM +AUDIT +SELINUX +IMA -APPARMOR +SMACK +SYSVINIT +UTMP +LIBCRYPTSETUP +GCRYPT +GNUTLS +ACL +XZ +LZ4 -SECCOMP +BLKID +ELFUTILS +KMOD +IDN)
May 28 07:51:43 localhost systemd[1]: Detected virtualization kvm.
May 28 07:51:43 localhost systemd[1]: Detected architecture x86-64.
May 28 07:51:43 localhost systemd[1]: Running in initial RAM disk.
May 28 07:51:43 localhost systemd[1]: Set hostname to <localhost.localdomain>.
May 28 07:51:43 localhost systemd[1]: Initializing machine ID from KVM UUID.
May 28 07:51:43 localhost kernel: psmouse serio1: alps: Unknown ALPS touchpad: E7=10 00 64, EC=10 00 64
May 28 07:51:43 localhost kernel: input: ImExPS/2 Generic Explorer Mouse as /devices/platform/i8042/serio1/input/input3
May 28 07:51:43 localhost systemd[1]: Created slice Root Slice.
May 28 07:51:43 localhost systemd[1]: Listening on udev Kernel Socket.
May 28 07:51:43 localhost systemd[1]: Reached target Swap.
May 28 07:51:43 localhost systemd[1]: Listening on Journal Socket.
May 28 07:51:43 localhost systemd[1]: Listening on udev Control Socket.
May 28 07:51:43 localhost systemd[1]: Reached target Sockets.
May 28 07:51:43 localhost systemd[1]: Created slice System Slice.
May 28 07:51:43 localhost systemd[1]: Reached target Slices.
May 28 07:51:43 localhost systemd[1]: Starting Create list of required static device nodes for the current kernel...
May 28 07:51:43 localhost systemd[1]: Reached target Local File Systems.
May 28 07:51:43 localhost systemd[1]: Starting Apply Kernel Variables...
May 28 07:51:43 localhost systemd[1]: Started Dispatch Password Requests to Console Directory Watch.
May 28 07:51:43 localhost systemd[1]: Reached target Paths.
May 28 07:51:43 localhost systemd[1]: Reached target Timers.
May 28 07:51:43 localhost systemd[1]: Starting Journal Service...
May 28 07:51:43 localhost systemd[1]: Started Create list of required static device nodes for the current kernel.
May 28 07:51:43 localhost systemd[1]: Started Apply Kernel Variables.
May 28 07:51:43 localhost systemd[1]: Starting Create Static Device Nodes in /dev...
May 28 07:51:43 localhost systemd[1]: Started Create Static Device Nodes in /dev.
May 28 07:51:43 localhost systemd[1]: Starting udev Kernel Device Manager...
May 28 07:51:43 localhost systemd[1]: Started udev Kernel Device Manager.
May 28 07:51:43 localhost systemd[1]: Starting udev Coldplug all Devices...
May 28 07:51:43 localhost journal: Journal started
May 28 07:51:43 localhost systemd-udevd: starting version 219
May 28 07:51:43 localhost systemd-udevd: Network interface NamePolicy= disabled on kernel command line, ignoring.
May 28 07:51:43 localhost systemd[1]: Started Journal Service.
May 28 07:51:44 localhost systemd: Mounting Configuration File System...
May 28 07:51:44 localhost systemd: Mounted Configuration File System.
May 28 07:51:44 localhost systemd: Started udev Coldplug all Devices.
May 28 07:51:44 localhost systemd: Starting dracut initqueue hook...
May 28 07:51:44 localhost systemd: Reached target System Initialization.
May 28 07:51:44 localhost systemd: Reached target Basic System.
May 28 07:51:44 localhost kernel: tsc: Refined TSC clocksource calibration: 1600.541 MHz
May 28 07:51:44 localhost kernel: scsi host0: ata_piix
May 28 07:51:44 localhost kernel: scsi host1: ata_piix
May 28 07:51:44 localhost kernel: ata1: PATA max UDMA/33 cmd 0x1f0 ctl 0x3f6 bmdma 0xd000 irq 14
May 28 07:51:44 localhost kernel: ata2: PATA max UDMA/33 cmd 0x170 ctl 0x376 bmdma 0xd008 irq 15
May 28 07:51:44 localhost kernel: ata1.00: ATA-6: VBOX HARDDISK, 1.0, max UDMA/133
May 28 07:51:44 localhost kernel: ata1.00: 83886080 sectors, multi 128: LBA 
May 28 07:51:44 localhost kernel: ata1.00: configured for UDMA/33
May 28 07:51:44 localhost kernel: scsi 0:0:0:0: Direct-Access     ATA      VBOX HARDDISK    1.0  PQ: 0 ANSI: 5
May 28 07:51:44 localhost kernel: sd 0:0:0:0: [sda] 83886080 512-byte logical blocks: (42.9 GB/40.0 GiB)
May 28 07:51:44 localhost kernel: sd 0:0:0:0: [sda] Write Protect is off
May 28 07:51:44 localhost kernel: sd 0:0:0:0: [sda] Write cache: enabled, read cache: enabled, doesn't support DPO or FUA
May 28 07:51:44 localhost kernel: sda: sda1
May 28 07:51:44 localhost kernel: sd 0:0:0:0: [sda] Attached SCSI disk
May 28 07:51:44 localhost systemd: Found device VBOX_HARDDISK 1.
May 28 07:51:44 localhost systemd: Starting File System Check on /dev/disk/by-uuid/1c419d6c-5064-4a2b-953c-05b2c67edb15...
May 28 07:51:44 localhost systemd-fsck: /sbin/fsck.xfs: XFS file system.
May 28 07:51:44 localhost systemd: Started File System Check on /dev/disk/by-uuid/1c419d6c-5064-4a2b-953c-05b2c67edb15.
May 28 07:51:44 localhost systemd: Started dracut initqueue hook.
May 28 07:51:44 localhost systemd: Mounting /sysroot...
May 28 07:51:44 localhost systemd: Reached target Remote File Systems (Pre).
May 28 07:51:44 localhost systemd: Reached target Remote File Systems.
May 28 07:51:45 localhost kernel: SGI XFS with ACLs, security attributes, no debug enabled
May 28 07:51:45 localhost kernel: XFS (sda1): Mounting V5 Filesystem
May 28 07:51:45 localhost kernel: XFS (sda1): Ending clean mount
May 28 07:51:45 localhost systemd: Mounted /sysroot.
May 28 07:51:45 localhost systemd: Reached target Initrd Root File System.
May 28 07:51:45 localhost systemd: Starting Reload Configuration from the Real Root...
May 28 07:51:45 localhost systemd: Reloading.
May 28 07:51:45 localhost systemd: Started Reload Configuration from the Real Root.
May 28 07:51:45 localhost systemd: Reached target Initrd File Systems.
May 28 07:51:45 localhost systemd: Reached target Initrd Default Target.
May 28 07:51:45 localhost systemd: Starting dracut pre-pivot and cleanup hook...
May 28 07:51:45 localhost systemd: Started dracut pre-pivot and cleanup hook.
May 28 07:51:45 localhost systemd: Starting Cleaning Up and Shutting Down Daemons...
May 28 07:51:45 localhost systemd: Stopped dracut pre-pivot and cleanup hook.
May 28 07:51:45 localhost systemd: Stopped target Timers.
May 28 07:51:45 localhost systemd: Stopped target Remote File Systems.
May 28 07:51:45 localhost systemd: Stopped target Remote File Systems (Pre).
May 28 07:51:45 localhost systemd: Stopped dracut initqueue hook.
May 28 07:51:45 localhost systemd: Stopped target Initrd Default Target.
May 28 07:51:45 localhost systemd: Stopped target Basic System.
May 28 07:51:45 localhost systemd: Stopped target Paths.
May 28 07:51:45 localhost systemd: Stopped Dispatch Password Requests to Console Directory Watch.
May 28 07:51:45 localhost systemd: Stopped target System Initialization.
May 28 07:51:45 localhost systemd: Stopped udev Coldplug all Devices.
May 28 07:51:45 localhost systemd: Stopped Apply Kernel Variables.
May 28 07:51:45 localhost systemd: Stopping udev Kernel Device Manager...
May 28 07:51:45 localhost systemd: Stopped target Local File Systems.
May 28 07:51:45 localhost systemd: Stopped target Slices.
May 28 07:51:45 localhost systemd: Stopped target Sockets.
May 28 07:51:45 localhost systemd: Stopped target Swap.
May 28 07:51:45 localhost systemd: Stopped udev Kernel Device Manager.
May 28 07:51:45 localhost systemd: Started Cleaning Up and Shutting Down Daemons.
May 28 07:51:45 localhost systemd: Stopped Create Static Device Nodes in /dev.
May 28 07:51:45 localhost systemd: Stopped Create list of required static device nodes for the current kernel.
May 28 07:51:45 localhost systemd: Closed udev Control Socket.
May 28 07:51:45 localhost systemd: Closed udev Kernel Socket.
May 28 07:51:45 localhost systemd: Starting Cleanup udevd DB...
May 28 07:51:45 localhost systemd: Started Cleanup udevd DB.
May 28 07:51:45 localhost systemd: Reached target Switch Root.
May 28 07:51:45 localhost systemd: Starting Switch Root...
May 28 07:51:45 localhost systemd: Switching root.
May 28 07:51:45 localhost journal: Journal stopped
May 28 07:51:46 localhost journal: Runtime journal is using 8.0M (max allowed 90.6M, trying to leave 136.0M free of 898.9M available → current limit 90.6M).
May 28 07:51:46 localhost systemd-journald[95]: Received SIGTERM from PID 1 (systemd).
May 28 07:51:46 localhost kernel: type=1404 audit(1590652305.772:2): enforcing=1 old_enforcing=0 auid=4294967295 ses=4294967295
May 28 07:51:46 localhost kernel: type=1403 audit(1590652306.138:3): policy loaded auid=4294967295 ses=4294967295
May 28 07:51:46 localhost systemd[1]: Successfully loaded SELinux policy in 387.181ms.
May 28 07:51:46 localhost kernel: ip_tables: (C) 2000-2006 Netfilter Core Team
May 28 07:51:46 localhost systemd[1]: Inserted module 'ip_tables'
May 28 07:51:46 localhost systemd[1]: Relabelled /dev, /run and /sys/fs/cgroup in 138.237ms.
May 28 07:51:46 localhost kernel: random: crng init done
May 28 07:51:46 localhost journal: Journal started
May 28 07:51:46 localhost systemd: systemd 219 running in system mode. (+PAM +AUDIT +SELINUX +IMA -APPARMOR +SMACK +SYSVINIT +UTMP +LIBCRYPTSETUP +GCRYPT +GNUTLS +ACL +XZ +LZ4 -SECCOMP +BLKID +ELFUTILS +KMOD +IDN)
May 28 07:51:46 localhost systemd: Detected virtualization kvm.
May 28 07:51:46 localhost systemd: Detected architecture x86-64.
May 28 07:51:46 localhost systemd: Set hostname to <localhost.localdomain>.
May 28 07:51:46 localhost systemd: Initializing machine ID from KVM UUID.
May 28 07:51:46 localhost systemd: Installed transient /etc/machine-id file.
May 28 07:51:47 localhost systemd: Started Read and set NIS domainname from /etc/sysconfig/network.
May 28 07:51:47 localhost systemd: Started Create list of required static device nodes for the current kernel.
May 28 07:51:47 localhost systemd: Started Remount Root and Kernel File Systems.
May 28 07:51:47 localhost systemd: Started Apply Kernel Variables.
May 28 07:51:47 localhost systemd: Starting Configure read-only root support...
May 28 07:51:47 localhost systemd: Starting Rebuild Hardware Database...
May 28 07:51:47 localhost systemd: Activating swap /swapfile...
May 28 07:51:47 localhost systemd: Starting Create Static Device Nodes in /dev...
May 28 07:51:47 localhost systemd: Starting Flush Journal to Persistent Storage...
May 28 07:51:47 localhost systemd: Started Flush Journal to Persistent Storage.
May 28 07:51:47 localhost systemd: Started Configure read-only root support.
May 28 07:51:47 localhost systemd: Starting Load/Save Random Seed...
May 28 07:51:47 localhost systemd: Started Load/Save Random Seed.
May 28 07:51:47 localhost systemd: Started Create Static Device Nodes in /dev.
May 28 07:51:47 localhost systemd: Starting udev Kernel Device Manager...
May 28 07:51:47 localhost systemd: Reached target Local File Systems (Pre).
May 28 07:51:47 localhost systemd: Reached target Local File Systems.
May 28 07:51:47 localhost systemd: Starting Migrate local SELinux policy changes from the old store structure to the new structure...
May 28 07:51:47 localhost systemd: Failed at step STDIN spawning /usr/libexec/selinux/selinux-policy-migrate-local-changes.sh: Inappropriate ioctl for device
May 28 07:51:47 localhost systemd: Starting Commit a transient machine-id on disk...
May 28 07:51:47 localhost systemd: Starting Preprocess NFS configuration...
May 28 07:51:47 localhost systemd: Starting Rebuild Journal Catalog...
May 28 07:51:47 localhost systemd: Starting Create Volatile Files and Directories...
May 28 07:51:48 localhost systemd: selinux-policy-migrate-local-changes@targeted.service: main process exited, code=exited, status=208/STDIN
May 28 07:51:48 localhost systemd: Failed to start Migrate local SELinux policy changes from the old store structure to the new structure.
May 28 07:51:48 localhost systemd: Unit selinux-policy-migrate-local-changes@targeted.service entered failed state.
May 28 07:51:48 localhost systemd: selinux-policy-migrate-local-changes@targeted.service failed.
May 28 07:51:48 localhost systemd: Started Commit a transient machine-id on disk.
May 28 07:51:48 localhost systemd: Started Rebuild Journal Catalog.
May 28 07:51:48 localhost systemd: Started Preprocess NFS configuration.
May 28 07:51:48 localhost systemd-udevd: starting version 219
May 28 07:51:48 localhost systemd-udevd: Network interface NamePolicy= disabled on kernel command line, ignoring.
May 28 07:51:48 localhost systemd: Started udev Kernel Device Manager.
May 28 07:51:48 localhost systemd: Started Setup Virtual Console.
May 28 07:51:48 localhost systemd: Started Create Volatile Files and Directories.
May 28 07:51:48 localhost systemd: Mounting RPC Pipe File System...
May 28 07:51:48 localhost systemd: Starting Security Auditing Service...
May 28 07:51:48 localhost auditd[284]: Started dispatcher: /sbin/audispd pid: 286
May 28 07:51:48 localhost kernel: type=1305 audit(1590652308.821:4): audit_pid=284 old=0 auid=4294967295 ses=4294967295 subj=system_u:system_r:auditd_t:s0 res=1
May 28 07:51:48 localhost audispd: No plugins found, exiting
May 28 07:51:48 localhost systemd: Activated swap /swapfile.
May 28 07:51:48 localhost systemd: Reached target Swap.
May 28 07:51:48 localhost kernel: Adding 2097148k swap on /swapfile.  Priority:-2 extents:1 across:2097148k FS
May 28 07:51:48 localhost kernel: RPC: Registered named UNIX socket transport module.
May 28 07:51:48 localhost kernel: RPC: Registered udp transport module.
May 28 07:51:48 localhost kernel: RPC: Registered tcp transport module.
May 28 07:51:48 localhost kernel: RPC: Registered tcp NFSv4.1 backchannel transport module.
May 28 07:51:48 localhost systemd: Mounted RPC Pipe File System.
May 28 07:51:48 localhost systemd: Reached target rpc_pipefs.target.
May 28 07:51:48 localhost auditd[284]: Init complete, auditd 2.8.5 listening for events (startup state enable)
May 28 07:51:49 localhost augenrules: No rules
May 28 07:51:49 localhost augenrules: enabled 1
May 28 07:51:49 localhost augenrules: failure 1
May 28 07:51:49 localhost augenrules: pid 284
May 28 07:51:49 localhost augenrules: rate_limit 0
May 28 07:51:49 localhost augenrules: backlog_limit 8192
May 28 07:51:49 localhost augenrules: lost 0
May 28 07:51:49 localhost augenrules: backlog 1
May 28 07:51:49 localhost augenrules: enabled 1
May 28 07:51:49 localhost augenrules: failure 1
May 28 07:51:49 localhost augenrules: pid 284
May 28 07:51:49 localhost augenrules: rate_limit 0
May 28 07:51:49 localhost augenrules: backlog_limit 8192
May 28 07:51:49 localhost augenrules: lost 0
May 28 07:51:49 localhost augenrules: backlog 1
May 28 07:51:49 localhost systemd: Started Security Auditing Service.
May 28 07:51:49 localhost systemd: Starting Update UTMP about System Boot/Shutdown...
May 28 07:51:49 localhost systemd: Started Update UTMP about System Boot/Shutdown.
May 28 07:51:50 localhost systemd: Started Rebuild Hardware Database.
May 28 07:51:50 localhost systemd: Starting Update is Completed...
May 28 07:51:50 localhost systemd: Starting udev Coldplug all Devices...
May 28 07:51:50 localhost systemd: Started Update is Completed.
May 28 07:51:50 localhost kernel: ACPI: Video Device [GFX0] (multi-head: yes  rom: no  post: no)
May 28 07:51:50 localhost kernel: input: Video Bus as /devices/LNXSYSTM:00/device:00/PNP0A03:00/LNXVIDEO:00/input/input4
May 28 07:51:50 localhost systemd: Started udev Coldplug all Devices.
May 28 07:51:50 localhost systemd: Reached target System Initialization.
May 28 07:51:50 localhost systemd: Started Daily Cleanup of Temporary Directories.
May 28 07:51:50 localhost systemd: Reached target Timers.
May 28 07:51:50 localhost systemd: Listening on RPCbind Server Activation Socket.
May 28 07:51:50 localhost systemd: Starting RPC bind service...
May 28 07:51:50 localhost systemd: Listening on D-Bus System Message Bus Socket.
May 28 07:51:50 localhost kernel: input: PC Speaker as /devices/platform/pcspkr/input/input5
May 28 07:51:50 localhost kernel: piix4_smbus 0000:00:07.0: SMBus Host Controller at 0x4100, revision 0
May 28 07:51:50 localhost systemd: Reached target Sockets.
May 28 07:51:50 localhost systemd: Reached target Basic System.
May 28 07:51:50 localhost systemd: Starting Authorization Manager...
May 28 07:51:50 localhost kernel: e1000: Intel(R) PRO/1000 Network Driver - version 7.3.21-k8-NAPI
May 28 07:51:50 localhost kernel: e1000: Copyright (c) 1999-2006 Intel Corporation.
May 28 07:51:50 localhost systemd: Starting NTP client/server...
May 28 07:51:50 localhost systemd: Starting OpenSSH Server Key Generation...
May 28 07:51:50 localhost systemd: Started irqbalance daemon.
May 28 07:51:50 localhost kernel: cryptd: max_cpu_qlen set to 1000
May 28 07:51:50 localhost systemd: Starting Dump dmesg to /var/log/dmesg...
May 28 07:51:50 localhost systemd: Starting GSSAPI Proxy Daemon...
May 28 07:51:51 localhost kernel: sd 0:0:0:0: Attached scsi generic sg0 type 0
May 28 07:51:51 localhost systemd: Started D-Bus System Message Bus.
May 28 07:51:51 localhost /usr/sbin/irqbalance: Balancing is ineffective on systems with a single cpu.  Shutting down
May 28 07:51:51 localhost kernel: ppdev: user-space parallel port driver
May 28 07:51:51 localhost chronyd[347]: chronyd version 3.4 starting (+CMDMON +NTP +REFCLOCK +RTC +PRIVDROP +SCFILTER +SIGND +ASYNCDNS +SECHASH +IPV6 +DEBUG)
May 28 07:51:51 localhost kernel: SSE version of gcm_enc/dec engaged.
May 28 07:51:51 localhost polkitd[332]: Started polkitd version 0.112
May 28 07:51:51 localhost kernel: alg: No test for __gcm-aes-aesni (__driver-gcm-aes-aesni)
May 28 07:51:51 localhost kernel: alg: No test for __generic-gcm-aes-aesni (__driver-generic-gcm-aes-aesni)
May 28 07:51:51 localhost systemd-udevd: Network interface NamePolicy= disabled on kernel command line, ignoring.
May 28 07:51:52 localhost systemd: Starting Network Manager...
May 28 07:51:52 localhost systemd: Starting Login Service...
May 28 07:51:52 localhost systemd: Started RPC bind service.
May 28 07:51:52 localhost systemd: Started Dump dmesg to /var/log/dmesg.
May 28 07:51:52 localhost systemd: Started GSSAPI Proxy Daemon.
May 28 07:51:52 localhost systemd: Started Authorization Manager.
May 28 07:51:52 localhost systemd-logind: Watching system buttons on /dev/input/event0 (Power Button)
May 28 07:51:52 localhost systemd: Started Login Service.
May 28 07:51:52 localhost systemd-logind: Watching system buttons on /dev/input/event1 (Sleep Button)
May 28 07:51:52 localhost systemd-logind: Watching system buttons on /dev/input/event4 (Video Bus)
May 28 07:51:52 localhost systemd: Reached target NFS client services.
May 28 07:51:52 localhost systemd-logind: New seat seat0.
May 28 07:51:52 localhost systemd: Reached target Remote File Systems (Pre).
May 28 07:51:52 localhost systemd: Reached target Remote File Systems.
May 28 07:51:52 localhost systemd: Starting Permit User Sessions...
May 28 07:51:53 localhost systemd: Started NTP client/server.
May 28 07:51:53 localhost systemd: Started Permit User Sessions.
May 28 07:51:53 localhost systemd: Started Getty on tty1.
May 28 07:51:53 localhost systemd: Reached target Login Prompts.
May 28 07:51:53 localhost systemd: Started Command Scheduler.
May 28 07:51:53 localhost NetworkManager[413]: <info>  [1590652313.2570] NetworkManager (version 1.18.4-3.el7) is starting... (for the first time)
May 28 07:51:53 localhost NetworkManager[413]: <info>  [1590652313.2632] Read config: /etc/NetworkManager/NetworkManager.conf (lib: 10-slaves-order.conf)
May 28 07:51:53 localhost NetworkManager[413]: <info>  [1590652313.3982] bus-manager: acquired D-Bus service "org.freedesktop.NetworkManager"
May 28 07:51:53 localhost systemd: Started Network Manager.
May 28 07:51:53 localhost systemd: Starting Network Manager Wait Online...
May 28 07:51:53 localhost NetworkManager[413]: <info>  [1590652313.4263] manager[0x55fcd36f40b0]: monitoring kernel firmware directory '/lib/firmware'.
May 28 07:51:53 localhost dbus[338]: [system] Activating via systemd: service name='org.freedesktop.hostname1' unit='dbus-org.freedesktop.hostname1.service'
May 28 07:51:53 localhost systemd: Starting Hostname Service...
May 28 07:51:53 localhost kernel: e1000 0000:00:03.0 eth0: (PCI:33MHz:32-bit) 52:54:00:4d:77:d3
May 28 07:51:53 localhost kernel: e1000 0000:00:03.0 eth0: Intel(R) PRO/1000 Network Connection
May 28 07:51:54 localhost dbus[338]: [system] Successfully activated service 'org.freedesktop.hostname1'
May 28 07:51:54 localhost NetworkManager[413]: <info>  [1590652314.0537] hostname: hostname: using hostnamed
May 28 07:51:54 localhost NetworkManager[413]: <info>  [1590652314.0542] hostname: hostname changed from (none) to "localhost.localdomain"
May 28 07:51:54 localhost NetworkManager[413]: <info>  [1590652314.0623] dns-mgr[0x55fcd36dc220]: init: dns=default,systemd-resolved rc-manager=file
May 28 07:51:54 localhost dbus[338]: [system] Activating via systemd: service name='org.freedesktop.nm_dispatcher' unit='dbus-org.freedesktop.nm-dispatcher.service'
May 28 07:51:54 localhost systemd: Started Hostname Service.
May 28 07:51:54 localhost systemd: Starting Network Manager Script Dispatcher Service...
May 28 07:51:54 localhost dbus[338]: [system] Successfully activated service 'org.freedesktop.nm_dispatcher'
May 28 07:51:54 localhost systemd: Started Network Manager Script Dispatcher Service.
May 28 07:51:54 localhost NetworkManager[413]: <info>  [1590652314.6904] settings: Loaded settings plugin: SettingsPluginIfcfg ("/usr/lib64/NetworkManager/1.18.4-3.el7/libnm-settings-plugin-ifcfg-rh.so")
May 28 07:51:54 localhost NetworkManager[413]: <info>  [1590652314.7167] settings: Loaded settings plugin: NMSIbftPlugin ("/usr/lib64/NetworkManager/1.18.4-3.el7/libnm-settings-plugin-ibft.so")
May 28 07:51:54 localhost NetworkManager[413]: <info>  [1590652314.7168] settings: Loaded settings plugin: NMSKeyfilePlugin (internal)
May 28 07:51:54 localhost NetworkManager[413]: <info>  [1590652314.7436] ifcfg-rh: new connection /etc/sysconfig/network-scripts/ifcfg-eth0 (5fb06bd0-0bb0-7ffb-45f1-d6edd65f3e03,"System eth0")
May 28 07:51:54 localhost NetworkManager[413]: <info>  [1590652314.7609] manager: rfkill: Wi-Fi enabled by radio killswitch; enabled by state file
May 28 07:51:54 localhost NetworkManager[413]: <info>  [1590652314.7636] manager: rfkill: WWAN enabled by radio killswitch; enabled by state file
May 28 07:51:54 localhost NetworkManager[413]: <info>  [1590652314.7685] manager: Networking is enabled by state file
May 28 07:51:54 localhost nm-dispatcher: req:1 'hostname': new request (3 scripts)
May 28 07:51:54 localhost nm-dispatcher: req:1 'hostname': start running ordered scripts...
May 28 07:51:54 localhost NetworkManager[413]: <info>  [1590652314.7772] dhcp-init: Using DHCP client 'dhclient'
May 28 07:51:54 localhost sshd-keygen: Generating SSH2 RSA host key: [  OK  ]
May 28 07:51:54 localhost NetworkManager[413]: <info>  [1590652314.8565] Loaded device plugin: NMTeamFactory (/usr/lib64/NetworkManager/1.18.4-3.el7/libnm-device-plugin-team.so)
May 28 07:51:54 localhost NetworkManager[413]: <info>  [1590652314.8643] device (lo): carrier: link connected
May 28 07:51:54 localhost NetworkManager[413]: <info>  [1590652314.8820] manager: (lo): new Generic device (/org/freedesktop/NetworkManager/Devices/1)
May 28 07:51:54 localhost NetworkManager[413]: <info>  [1590652314.8977] manager: (eth0): new Ethernet device (/org/freedesktop/NetworkManager/Devices/2)
May 28 07:51:55 localhost sshd-keygen: Generating SSH2 ECDSA host key: [  OK  ]
May 28 07:51:55 localhost sshd-keygen: Generating SSH2 ED25519 host key: [  OK  ]
May 28 07:51:55 localhost systemd: Started OpenSSH Server Key Generation.
May 28 07:51:57 localhost kernel: snd_intel8x0 0000:00:05.0: measure - unreliable DMA position..
May 28 07:51:57 localhost kernel: snd_intel8x0 0000:00:05.0: measure - unreliable DMA position..
May 28 07:51:58 localhost kernel: snd_intel8x0 0000:00:05.0: measure - unreliable DMA position..
May 28 07:51:58 localhost kernel: snd_intel8x0 0000:00:05.0: clocking to 48000
May 28 07:51:58 localhost systemd: Reached target Sound Card.
May 28 07:51:58 localhost kernel: e1000 0000:00:08.0 eth1: (PCI:33MHz:32-bit) 08:00:27:a2:6c:b4
May 28 07:51:58 localhost kernel: e1000 0000:00:08.0 eth1: Intel(R) PRO/1000 Network Connection
May 28 07:51:58 localhost NetworkManager[413]: <info>  [1590652318.8786] manager: (eth1): new Ethernet device (/org/freedesktop/NetworkManager/Devices/3)
May 28 07:51:58 localhost NetworkManager[413]: <info>  [1590652318.9296] device (eth1): state change: unmanaged -> unavailable (reason 'managed', sys-iface-state: 'external')
May 28 07:51:58 localhost kernel: IPv6: ADDRCONF(NETDEV_UP): eth1: link is not ready
May 28 07:51:58 localhost NetworkManager[413]: <info>  [1590652318.9574] ifcfg-rh: add connection in-memory (ecd588de-85c4-3167-a6f4-7e5eedc6dbce,"Wired connection 1")
May 28 07:51:58 localhost kernel: IPv6: ADDRCONF(NETDEV_UP): eth1: link is not ready
May 28 07:51:58 localhost NetworkManager[413]: <info>  [1590652318.9653] settings: (eth1): created default wired connection 'Wired connection 1'
May 28 07:51:58 localhost nm-dispatcher: req:2 'connectivity-change': new request (3 scripts)
May 28 07:51:58 localhost nm-dispatcher: req:2 'connectivity-change': start running ordered scripts...
May 28 07:51:59 localhost NetworkManager[413]: <info>  [1590652319.0057] device (eth0): state change: unmanaged -> unavailable (reason 'managed', sys-iface-state: 'external')
May 28 07:51:59 localhost kernel: IPv6: ADDRCONF(NETDEV_UP): eth0: link is not ready
May 28 07:51:59 localhost kernel: e1000: eth0 NIC Link is Up 1000 Mbps Full Duplex, Flow Control: RX
May 28 07:51:59 localhost kernel: IPv6: ADDRCONF(NETDEV_UP): eth0: link is not ready
May 28 07:51:59 localhost NetworkManager[413]: <info>  [1590652319.0386] device (eth0): carrier: link connected
May 28 07:51:59 localhost NetworkManager[413]: <info>  [1590652319.0625] device (eth0): state change: unavailable -> disconnected (reason 'none', sys-iface-state: 'managed')
May 28 07:51:59 localhost kernel: IPv6: ADDRCONF(NETDEV_UP): eth0: link is not ready
May 28 07:51:59 localhost NetworkManager[413]: <info>  [1590652319.0789] policy: auto-activating connection 'System eth0' (5fb06bd0-0bb0-7ffb-45f1-d6edd65f3e03)
May 28 07:51:59 localhost NetworkManager[413]: <info>  [1590652319.0914] device (eth0): Activation: starting connection 'System eth0' (5fb06bd0-0bb0-7ffb-45f1-d6edd65f3e03)
May 28 07:51:59 localhost NetworkManager[413]: <info>  [1590652319.0943] device (eth0): state change: disconnected -> prepare (reason 'none', sys-iface-state: 'managed')
May 28 07:51:59 localhost NetworkManager[413]: <info>  [1590652319.1076] manager: NetworkManager state is now CONNECTING
May 28 07:51:59 localhost NetworkManager[413]: <info>  [1590652319.1130] device (eth0): state change: prepare -> config (reason 'none', sys-iface-state: 'managed')
May 28 07:51:59 localhost NetworkManager[413]: <info>  [1590652319.1286] device (eth0): state change: config -> ip-config (reason 'none', sys-iface-state: 'managed')
May 28 07:51:59 localhost NetworkManager[413]: <info>  [1590652319.1378] dhcp4 (eth0): activation: beginning transaction (timeout in 45 seconds)
May 28 07:51:59 localhost NetworkManager[413]: <info>  [1590652319.1640] dhcp4 (eth0): dhclient started with pid 476
May 28 07:51:59 localhost kernel: IPv6: ADDRCONF(NETDEV_UP): eth0: link is not ready
May 28 07:51:59 localhost dhclient[476]: DHCPDISCOVER on eth0 to 255.255.255.255 port 67 interval 8 (xid=0x19876ce7)
May 28 07:51:59 localhost dhclient[476]: DHCPREQUEST on eth0 to 255.255.255.255 port 67 (xid=0x19876ce7)
May 28 07:51:59 localhost dhclient[476]: DHCPOFFER from 10.0.2.2
May 28 07:51:59 localhost dhclient[476]: DHCPACK from 10.0.2.2 (xid=0x19876ce7)
May 28 07:51:59 localhost NetworkManager[413]: <info>  [1590652319.3325] dhcp4 (eth0):   address 10.0.2.15
May 28 07:51:59 localhost NetworkManager[413]: <info>  [1590652319.3326] dhcp4 (eth0):   plen 24 (255.255.255.0)
May 28 07:51:59 localhost NetworkManager[413]: <info>  [1590652319.3326] dhcp4 (eth0):   gateway 10.0.2.2
May 28 07:51:59 localhost NetworkManager[413]: <info>  [1590652319.3327] dhcp4 (eth0):   lease time 86400
May 28 07:51:59 localhost NetworkManager[413]: <info>  [1590652319.3327] dhcp4 (eth0):   nameserver '10.0.2.3'
May 28 07:51:59 localhost NetworkManager[413]: <info>  [1590652319.3327] dhcp4 (eth0): state changed unknown -> bound
May 28 07:51:59 localhost NetworkManager[413]: <info>  [1590652319.3491] device (eth0): state change: ip-config -> ip-check (reason 'none', sys-iface-state: 'managed')
May 28 07:51:59 localhost dhclient[476]: bound to 10.0.2.15 -- renewal in 34378 seconds.
May 28 07:51:59 localhost NetworkManager[413]: <info>  [1590652319.3682] device (eth0): state change: ip-check -> secondaries (reason 'none', sys-iface-state: 'managed')
May 28 07:51:59 localhost NetworkManager[413]: <info>  [1590652319.3721] device (eth0): state change: secondaries -> activated (reason 'none', sys-iface-state: 'managed')
May 28 07:51:59 localhost NetworkManager[413]: <info>  [1590652319.3810] manager: NetworkManager state is now CONNECTED_LOCAL
May 28 07:51:59 localhost NetworkManager[413]: <info>  [1590652319.3917] manager: NetworkManager state is now CONNECTED_SITE
May 28 07:51:59 localhost NetworkManager[413]: <info>  [1590652319.3952] policy: set 'System eth0' (eth0) as default for IPv4 routing and DNS
May 28 07:51:59 localhost NetworkManager[413]: <info>  [1590652319.4174] device (eth0): Activation: successful, device activated.
May 28 07:51:59 localhost nm-dispatcher: req:3 'up' [eth0]: new request (3 scripts)
May 28 07:51:59 localhost nm-dispatcher: req:3 'up' [eth0]: start running ordered scripts...
May 28 07:51:59 localhost NetworkManager[413]: <info>  [1590652319.4305] manager: NetworkManager state is now CONNECTED_GLOBAL
May 28 07:51:59 localhost nm-dispatcher: req:4 'connectivity-change': new request (3 scripts)
May 28 07:51:59 localhost nm-dispatcher: req:4 'connectivity-change': start running ordered scripts...
May 28 07:51:59 localhost kernel: IPv6: ADDRCONF(NETDEV_CHANGE): eth0: link becomes ready
May 28 07:52:00 localhost kernel: e1000: eth1 NIC Link is Up 1000 Mbps Full Duplex, Flow Control: RX
May 28 07:52:01 localhost kernel: IPv6: ADDRCONF(NETDEV_CHANGE): eth1: link becomes ready
May 28 07:52:01 localhost NetworkManager[413]: <info>  [1590652321.0084] device (eth1): carrier: link connected
May 28 07:52:01 localhost NetworkManager[413]: <info>  [1590652321.0344] device (eth1): state change: unavailable -> disconnected (reason 'carrier-changed', sys-iface-state: 'managed')
May 28 07:52:01 localhost NetworkManager[413]: <info>  [1590652321.0662] policy: auto-activating connection 'Wired connection 1' (ecd588de-85c4-3167-a6f4-7e5eedc6dbce)
May 28 07:52:01 localhost NetworkManager[413]: <info>  [1590652321.0788] device (eth1): Activation: starting connection 'Wired connection 1' (ecd588de-85c4-3167-a6f4-7e5eedc6dbce)
May 28 07:52:01 localhost NetworkManager[413]: <info>  [1590652321.0853] device (eth1): state change: disconnected -> prepare (reason 'none', sys-iface-state: 'managed')
May 28 07:52:01 localhost NetworkManager[413]: <info>  [1590652321.1073] device (eth1): state change: prepare -> config (reason 'none', sys-iface-state: 'managed')
May 28 07:52:01 localhost NetworkManager[413]: <info>  [1590652321.1259] device (eth1): state change: config -> ip-config (reason 'none', sys-iface-state: 'managed')
May 28 07:52:01 localhost NetworkManager[413]: <info>  [1590652321.1441] dhcp4 (eth1): activation: beginning transaction (timeout in 45 seconds)
May 28 07:52:01 localhost NetworkManager[413]: <info>  [1590652321.1602] dhcp4 (eth1): dhclient started with pid 528
May 28 07:52:01 localhost dhclient[528]: DHCPDISCOVER on eth1 to 255.255.255.255 port 67 interval 5 (xid=0xc576936)
May 28 07:52:05 localhost chronyd[347]: Selected source 192.36.143.130
May 28 07:52:06 localhost chronyd[347]: System clock wrong by 1.575638 seconds, adjustment started
May 28 07:52:06 localhost systemd: Time has been changed
May 28 07:52:06 localhost chronyd[347]: System clock was stepped by 1.575638 seconds
May 28 07:52:08 localhost dhclient[528]: DHCPDISCOVER on eth1 to 255.255.255.255 port 67 interval 7 (xid=0xc576936)
May 28 07:52:15 localhost dhclient[528]: DHCPDISCOVER on eth1 to 255.255.255.255 port 67 interval 7 (xid=0xc576936)
May 28 07:52:22 localhost dhclient[528]: DHCPDISCOVER on eth1 to 255.255.255.255 port 67 interval 9 (xid=0xc576936)
May 28 07:52:25 localhost systemd: NetworkManager-wait-online.service: main process exited, code=exited, status=1/FAILURE
May 28 07:52:25 localhost systemd: Failed to start Network Manager Wait Online.
May 28 07:52:25 localhost systemd: Unit NetworkManager-wait-online.service entered failed state.
May 28 07:52:25 localhost systemd: NetworkManager-wait-online.service failed.
May 28 07:52:25 localhost systemd: Starting LSB: Bring up/down networking...
May 28 07:52:26 localhost network: Bringing up loopback interface:  [  OK  ]
May 28 07:52:27 localhost network: Bringing up interface eth0:  [  OK  ]
May 28 07:52:27 localhost systemd: Started LSB: Bring up/down networking.
May 28 07:52:27 localhost systemd: Reached target Network.
May 28 07:52:27 localhost systemd: Starting OpenSSH server daemon...
May 28 07:52:27 localhost systemd: Reached target Network is Online.
May 28 07:52:27 localhost systemd: Starting Notify NFS peers of a restart...
May 28 07:52:27 localhost systemd: Starting Dynamic System Tuning Daemon...
May 28 07:52:27 localhost systemd: Starting System Logging Service...
May 28 07:52:27 localhost systemd: Starting Postfix Mail Transport Agent...
May 28 07:52:27 localhost sm-notify[689]: Version 1.3.0 starting
May 28 07:52:27 localhost systemd: Started Notify NFS peers of a restart.
May 28 07:52:27 localhost rsyslogd: [origin software="rsyslogd" swVersion="8.24.0-52.el7" x-pid="691" x-info="http://www.rsyslog.com"] start
May 28 07:52:27 localhost systemd: Started System Logging Service.
May 28 07:52:27 localhost systemd: Started OpenSSH server daemon.
May 28 07:52:31 localhost systemd-logind: New session 1 of user vagrant.
May 28 07:52:31 localhost dhclient[528]: DHCPDISCOVER on eth1 to 255.255.255.255 port 67 interval 13 (xid=0xc576936)
May 28 07:52:31 localhost systemd: Created slice User Slice of vagrant.
May 28 07:52:31 localhost systemd: Started Session 1 of user vagrant.
May 28 07:52:32 localhost systemd: Started Dynamic System Tuning Daemon.
May 28 07:52:32 localhost systemd: Started Postfix Mail Transport Agent.
May 28 07:52:32 localhost systemd: Reached target Multi-User System.
May 28 07:52:32 localhost systemd: Starting Update UTMP about System Runlevel Changes...
May 28 07:52:32 localhost systemd: Started Update UTMP about System Runlevel Changes.
May 28 07:52:32 localhost systemd: Startup finished in 1.068s (kernel) + 2.242s (initrd) + 45.614s (userspace) = 48.925s.
May 28 07:52:38 localhost systemd-logind: Removed session 1.
May 28 07:52:38 localhost systemd: Removed slice User Slice of vagrant.
May 28 07:52:40 localhost systemd: Created slice User Slice of vagrant.
May 28 07:52:40 localhost systemd: Started Session 2 of user vagrant.
May 28 07:52:40 localhost systemd-logind: New session 2 of user vagrant.
May 28 07:52:44 localhost dhclient[528]: DHCPDISCOVER on eth1 to 255.255.255.255 port 67 interval 13 (xid=0xc576936)
May 28 07:52:48 localhost NetworkManager[413]: <warn>  [1590652368.0472] dhcp4 (eth1): request timed out
May 28 07:52:48 localhost NetworkManager[413]: <info>  [1590652368.0489] dhcp4 (eth1): state changed unknown -> timeout
May 28 07:52:48 localhost NetworkManager[413]: <info>  [1590652368.0698] dhcp4 (eth1): canceled DHCP transaction, DHCP client pid 528
May 28 07:52:48 localhost NetworkManager[413]: <info>  [1590652368.0699] dhcp4 (eth1): state changed timeout -> done
May 28 07:52:48 localhost NetworkManager[413]: <info>  [1590652368.0709] device (eth1): state change: ip-config -> failed (reason 'ip-config-unavailable', sys-iface-state: 'managed')
May 28 07:52:48 localhost NetworkManager[413]: <info>  [1590652368.0732] manager: startup complete
May 28 07:52:48 localhost NetworkManager[413]: <warn>  [1590652368.0742] device (eth1): Activation: failed for connection 'Wired connection 1'
May 28 07:52:48 localhost NetworkManager[413]: <info>  [1590652368.1160] device (eth1): state change: failed -> disconnected (reason 'none', sys-iface-state: 'managed')
May 28 07:52:48 localhost NetworkManager[413]: <info>  [1590652368.1534] policy: auto-activating connection 'Wired connection 1' (ecd588de-85c4-3167-a6f4-7e5eedc6dbce)
May 28 07:52:48 localhost NetworkManager[413]: <info>  [1590652368.1550] device (eth1): Activation: starting connection 'Wired connection 1' (ecd588de-85c4-3167-a6f4-7e5eedc6dbce)
May 28 07:52:48 localhost NetworkManager[413]: <info>  [1590652368.1558] device (eth1): state change: disconnected -> prepare (reason 'none', sys-iface-state: 'managed')
May 28 07:52:48 localhost NetworkManager[413]: <info>  [1590652368.1575] device (eth1): state change: prepare -> config (reason 'none', sys-iface-state: 'managed')
May 28 07:52:48 localhost NetworkManager[413]: <info>  [1590652368.1620] device (eth1): state change: config -> ip-config (reason 'none', sys-iface-state: 'managed')
May 28 07:52:48 localhost NetworkManager[413]: <info>  [1590652368.1637] dhcp4 (eth1): activation: beginning transaction (timeout in 45 seconds)
May 28 07:52:48 localhost NetworkManager[413]: <info>  [1590652368.2224] dhcp4 (eth1): dhclient started with pid 1791
May 28 07:52:48 localhost dhclient[1791]: DHCPDISCOVER on eth1 to 255.255.255.255 port 67 interval 5 (xid=0x26c76f3b)
May 28 07:52:53 localhost dhclient[1791]: DHCPDISCOVER on eth1 to 255.255.255.255 port 67 interval 7 (xid=0x26c76f3b)
May 28 07:53:00 localhost dhclient[1791]: DHCPDISCOVER on eth1 to 255.255.255.255 port 67 interval 10 (xid=0x26c76f3b)
May 28 07:53:10 localhost dhclient[1791]: DHCPDISCOVER on eth1 to 255.255.255.255 port 67 interval 17 (xid=0x26c76f3b)
May 28 07:53:17 localhost yum[1833]: Installed: mpfr-3.1.1-4.el7.x86_64
May 28 07:53:17 localhost yum[1833]: Installed: libmpc-1.0.1-3.el7.x86_64
May 28 07:53:19 localhost yum[1833]: Installed: cpp-4.8.5-39.el7.x86_64
May 28 07:53:19 localhost yum[1833]: Installed: 1:perl-parent-0.225-244.el7.noarch
May 28 07:53:19 localhost yum[1833]: Installed: perl-HTTP-Tiny-0.033-3.el7.noarch
May 28 07:53:19 localhost yum[1833]: Installed: perl-podlators-2.5.1-3.el7.noarch
May 28 07:53:19 localhost yum[1833]: Installed: perl-Pod-Perldoc-3.20-4.el7.noarch
May 28 07:53:19 localhost yum[1833]: Installed: 1:perl-Pod-Escapes-1.04-295.el7.noarch
May 28 07:53:20 localhost yum[1833]: Installed: perl-Text-ParseWords-3.29-4.el7.noarch
May 28 07:53:20 localhost yum[1833]: Installed: perl-Encode-2.51-7.el7.x86_64
May 28 07:53:20 localhost yum[1833]: Installed: perl-Pod-Usage-1.63-3.el7.noarch
May 28 07:53:21 localhost yum[1833]: Installed: 4:perl-libs-5.16.3-295.el7.x86_64
May 28 07:53:21 localhost yum[1833]: Installed: 4:perl-macros-5.16.3-295.el7.x86_64
May 28 07:53:21 localhost yum[1833]: Installed: perl-Storable-2.45-3.el7.x86_64
May 28 07:53:21 localhost yum[1833]: Installed: perl-Exporter-5.68-3.el7.noarch
May 28 07:53:21 localhost yum[1833]: Installed: perl-constant-1.27-2.el7.noarch
May 28 07:53:21 localhost yum[1833]: Installed: perl-Socket-2.010-5.el7.x86_64
May 28 07:53:21 localhost yum[1833]: Installed: perl-Time-Local-1.2300-2.el7.noarch
May 28 07:53:21 localhost yum[1833]: Installed: perl-Carp-1.26-244.el7.noarch
May 28 07:53:21 localhost yum[1833]: Installed: 4:perl-Time-HiRes-1.9725-3.el7.x86_64
May 28 07:53:21 localhost yum[1833]: Installed: perl-PathTools-3.40-5.el7.x86_64
May 28 07:53:21 localhost yum[1833]: Installed: perl-Scalar-List-Utils-1.27-248.el7.x86_64
May 28 07:53:21 localhost yum[1833]: Installed: perl-File-Temp-0.23.01-3.el7.noarch
May 28 07:53:21 localhost yum[1833]: Installed: perl-File-Path-2.09-2.el7.noarch
May 28 07:53:21 localhost yum[1833]: Installed: perl-threads-shared-1.43-6.el7.x86_64
May 28 07:53:21 localhost yum[1833]: Installed: perl-threads-1.87-4.el7.x86_64
May 28 07:53:21 localhost yum[1833]: Installed: perl-Filter-1.49-3.el7.x86_64
May 28 07:53:22 localhost yum[1833]: Installed: 1:perl-Pod-Simple-3.28-4.el7.noarch
May 28 07:53:22 localhost yum[1833]: Installed: perl-Getopt-Long-2.40-3.el7.noarch
May 28 07:53:27 localhost dhclient[1791]: DHCPDISCOVER on eth1 to 255.255.255.255 port 67 interval 11 (xid=0x26c76f3b)
May 28 07:53:28 localhost yum[1833]: Installed: 4:perl-5.16.3-295.el7.x86_64
May 28 07:53:30 localhost yum[1833]: Updated: binutils-2.27-43.base.el7_8.1.x86_64
May 28 07:53:30 localhost yum[1833]: Installed: zlib-devel-1.2.7-18.el7.x86_64
May 28 07:53:32 localhost yum[1833]: Installed: kernel-headers-3.10.0-1127.8.2.el7.x86_64
May 28 07:53:33 localhost NetworkManager[413]: <warn>  [1590652413.0463] dhcp4 (eth1): request timed out
May 28 07:53:33 localhost NetworkManager[413]: <info>  [1590652413.0469] dhcp4 (eth1): state changed unknown -> timeout
May 28 07:53:33 localhost NetworkManager[413]: <info>  [1590652413.0524] dhcp4 (eth1): canceled DHCP transaction, DHCP client pid 1791
May 28 07:53:33 localhost NetworkManager[413]: <info>  [1590652413.0524] dhcp4 (eth1): state changed timeout -> done
May 28 07:53:33 localhost NetworkManager[413]: <info>  [1590652413.0530] device (eth1): state change: ip-config -> failed (reason 'ip-config-unavailable', sys-iface-state: 'managed')
May 28 07:53:33 localhost NetworkManager[413]: <warn>  [1590652413.0543] device (eth1): Activation: failed for connection 'Wired connection 1'
May 28 07:53:33 localhost NetworkManager[413]: <info>  [1590652413.0549] device (eth1): state change: failed -> disconnected (reason 'none', sys-iface-state: 'managed')
May 28 07:53:33 localhost NetworkManager[413]: <info>  [1590652413.0637] policy: auto-activating connection 'Wired connection 1' (ecd588de-85c4-3167-a6f4-7e5eedc6dbce)
May 28 07:53:33 localhost NetworkManager[413]: <info>  [1590652413.0647] device (eth1): Activation: starting connection 'Wired connection 1' (ecd588de-85c4-3167-a6f4-7e5eedc6dbce)
May 28 07:53:33 localhost NetworkManager[413]: <info>  [1590652413.0650] device (eth1): state change: disconnected -> prepare (reason 'none', sys-iface-state: 'managed')
May 28 07:53:33 localhost NetworkManager[413]: <info>  [1590652413.0660] device (eth1): state change: prepare -> config (reason 'none', sys-iface-state: 'managed')
May 28 07:53:33 localhost NetworkManager[413]: <info>  [1590652413.0684] device (eth1): state change: config -> ip-config (reason 'none', sys-iface-state: 'managed')
May 28 07:53:33 localhost NetworkManager[413]: <info>  [1590652413.0695] dhcp4 (eth1): activation: beginning transaction (timeout in 45 seconds)
May 28 07:53:33 localhost NetworkManager[413]: <info>  [1590652413.1333] dhcp4 (eth1): dhclient started with pid 1864
May 28 07:53:33 localhost dhclient[1864]: DHCPDISCOVER on eth1 to 255.255.255.255 port 67 interval 4 (xid=0xa534f18)
May 28 07:53:34 localhost yum[1833]: Installed: glibc-headers-2.17-307.el7.1.x86_64
May 28 07:53:34 localhost yum[1833]: Installed: glibc-devel-2.17-307.el7.1.x86_64
May 28 07:53:37 localhost dhclient[1864]: DHCPDISCOVER on eth1 to 255.255.255.255 port 67 interval 4 (xid=0xa534f18)
May 28 07:53:38 localhost yum[1833]: Installed: gcc-4.8.5-39.el7.x86_64
May 28 07:53:38 localhost yum[1833]: Installed: elfutils-libelf-devel-0.176-4.el7.x86_64
May 28 07:53:41 localhost dhclient[1864]: DHCPDISCOVER on eth1 to 255.255.255.255 port 67 interval 8 (xid=0xa534f18)
May 28 07:53:49 localhost dhclient[1864]: DHCPDISCOVER on eth1 to 255.255.255.255 port 67 interval 15 (xid=0xa534f18)
May 28 07:54:04 localhost dhclient[1864]: DHCPDISCOVER on eth1 to 255.255.255.255 port 67 interval 19 (xid=0xa534f18)
May 28 07:54:18 localhost NetworkManager[413]: <warn>  [1590652458.0481] dhcp4 (eth1): request timed out
May 28 07:54:18 localhost NetworkManager[413]: <info>  [1590652458.0482] dhcp4 (eth1): state changed unknown -> timeout
May 28 07:54:18 localhost NetworkManager[413]: <info>  [1590652458.0534] dhcp4 (eth1): canceled DHCP transaction, DHCP client pid 1864
May 28 07:54:18 localhost NetworkManager[413]: <info>  [1590652458.0535] dhcp4 (eth1): state changed timeout -> done
May 28 07:54:18 localhost NetworkManager[413]: <info>  [1590652458.0539] device (eth1): state change: ip-config -> failed (reason 'ip-config-unavailable', sys-iface-state: 'managed')
May 28 07:54:18 localhost NetworkManager[413]: <warn>  [1590652458.0554] device (eth1): Activation: failed for connection 'Wired connection 1'
May 28 07:54:18 localhost NetworkManager[413]: <info>  [1590652458.0560] device (eth1): state change: failed -> disconnected (reason 'none', sys-iface-state: 'managed')
May 28 07:54:18 localhost NetworkManager[413]: <info>  [1590652458.0641] policy: auto-activating connection 'Wired connection 1' (ecd588de-85c4-3167-a6f4-7e5eedc6dbce)
May 28 07:54:18 localhost NetworkManager[413]: <info>  [1590652458.0651] device (eth1): Activation: starting connection 'Wired connection 1' (ecd588de-85c4-3167-a6f4-7e5eedc6dbce)
May 28 07:54:18 localhost NetworkManager[413]: <info>  [1590652458.0653] device (eth1): state change: disconnected -> prepare (reason 'none', sys-iface-state: 'managed')
May 28 07:54:18 localhost NetworkManager[413]: <info>  [1590652458.0663] device (eth1): state change: prepare -> config (reason 'none', sys-iface-state: 'managed')
May 28 07:54:18 localhost NetworkManager[413]: <info>  [1590652458.0686] device (eth1): state change: config -> ip-config (reason 'none', sys-iface-state: 'managed')
May 28 07:54:18 localhost NetworkManager[413]: <info>  [1590652458.0694] dhcp4 (eth1): activation: beginning transaction (timeout in 45 seconds)
May 28 07:54:18 localhost NetworkManager[413]: <info>  [1590652458.1120] dhcp4 (eth1): dhclient started with pid 3264
May 28 07:54:18 localhost dhclient[3264]: DHCPDISCOVER on eth1 to 255.255.255.255 port 67 interval 4 (xid=0x6d7bd05e)
May 28 07:54:22 localhost dhclient[3264]: DHCPDISCOVER on eth1 to 255.255.255.255 port 67 interval 11 (xid=0x6d7bd05e)
May 28 07:54:33 localhost dhclient[3264]: DHCPDISCOVER on eth1 to 255.255.255.255 port 67 interval 16 (xid=0x6d7bd05e)
May 28 07:54:49 localhost dhclient[3264]: DHCPDISCOVER on eth1 to 255.255.255.255 port 67 interval 13 (xid=0x6d7bd05e)
May 28 07:54:58 localhost yum[1833]: Installed: kernel-devel-3.10.0-1127.el7.x86_64
May 28 07:55:02 localhost dhclient[3264]: DHCPDISCOVER on eth1 to 255.255.255.255 port 67 interval 8 (xid=0x6d7bd05e)
May 28 07:55:03 localhost NetworkManager[413]: <warn>  [1590652503.0518] dhcp4 (eth1): request timed out
May 28 07:55:03 localhost NetworkManager[413]: <info>  [1590652503.0519] dhcp4 (eth1): state changed unknown -> timeout
May 28 07:55:03 localhost NetworkManager[413]: <info>  [1590652503.0561] dhcp4 (eth1): canceled DHCP transaction, DHCP client pid 3264
May 28 07:55:03 localhost NetworkManager[413]: <info>  [1590652503.0561] dhcp4 (eth1): state changed timeout -> done
May 28 07:55:03 localhost NetworkManager[413]: <info>  [1590652503.0566] device (eth1): state change: ip-config -> failed (reason 'ip-config-unavailable', sys-iface-state: 'managed')
May 28 07:55:03 localhost NetworkManager[413]: <warn>  [1590652503.0578] device (eth1): Activation: failed for connection 'Wired connection 1'
May 28 07:55:03 localhost NetworkManager[413]: <info>  [1590652503.0584] device (eth1): state change: failed -> disconnected (reason 'none', sys-iface-state: 'managed')
May 28 07:56:24 localhost yum[1833]: Installed: kernel-devel-3.10.0-1127.8.2.el7.x86_64
May 28 07:56:36 localhost kernel: loop: module loaded
May 28 07:58:29 localhost dracut: dracut-033-568.el7
May 28 07:58:30 localhost dracut: Executing: /sbin/dracut -f --kver 3.10.0-1127.el7.x86_64
May 28 07:58:31 localhost dracut: dracut module 'busybox' will not be installed, because command 'busybox' could not be found!
May 28 07:58:31 localhost dracut: dracut module 'plymouth' will not be installed, because command 'plymouthd' could not be found!
May 28 07:58:31 localhost dracut: dracut module 'plymouth' will not be installed, because command 'plymouth' could not be found!
May 28 07:58:31 localhost dracut: dracut module 'crypt' will not be installed, because command 'cryptsetup' could not be found!
May 28 07:58:31 localhost dracut: dracut module 'dmraid' will not be installed, because command 'dmraid' could not be found!
May 28 07:58:31 localhost dracut: dracut module 'dmsquash-live-ntfs' will not be installed, because command 'ntfs-3g' could not be found!
May 28 07:58:31 localhost dracut: dracut module 'lvm' will not be installed, because command 'lvm' could not be found!
May 28 07:58:31 localhost dracut: dracut module 'mdraid' will not be installed, because command 'mdadm' could not be found!
May 28 07:58:31 localhost dracut: dracut module 'multipath' will not be installed, because command 'multipath' could not be found!
May 28 07:58:32 localhost dracut: dracut module 'busybox' will not be installed, because command 'busybox' could not be found!
May 28 07:58:32 localhost dracut: dracut module 'crypt' will not be installed, because command 'cryptsetup' could not be found!
May 28 07:58:32 localhost dracut: dracut module 'dmraid' will not be installed, because command 'dmraid' could not be found!
May 28 07:58:32 localhost dracut: dracut module 'dmsquash-live-ntfs' will not be installed, because command 'ntfs-3g' could not be found!
May 28 07:58:32 localhost dracut: dracut module 'lvm' will not be installed, because command 'lvm' could not be found!
May 28 07:58:32 localhost dracut: dracut module 'mdraid' will not be installed, because command 'mdadm' could not be found!
May 28 07:58:32 localhost dracut: dracut module 'multipath' will not be installed, because command 'multipath' could not be found!
May 28 07:58:32 localhost dracut: *** Including module: bash ***
May 28 07:58:32 localhost dracut: *** Including module: nss-softokn ***
May 28 07:58:32 localhost dracut: *** Including module: i18n ***
May 28 07:58:34 localhost dracut: *** Including module: kernel-modules ***
May 28 07:58:40 localhost dracut: Omitting driver floppy
May 28 07:59:05 localhost dracut: *** Including module: qemu ***
May 28 07:59:05 localhost dracut: *** Including module: rootfs-block ***
May 28 07:59:06 localhost dracut: *** Including module: terminfo ***
May 28 07:59:06 localhost dracut: *** Including module: udev-rules ***
May 28 07:59:06 localhost dracut: Skipping udev rule: 40-redhat-cpu-hotplug.rules
May 28 07:59:07 localhost dracut: Skipping udev rule: 91-permissions.rules
May 28 07:59:07 localhost dracut: *** Including module: biosdevname ***
May 28 07:59:08 localhost dracut: *** Including module: systemd ***
May 28 07:59:09 localhost dracut: *** Including module: usrmount ***
May 28 07:59:09 localhost dracut: *** Including module: base ***
May 28 07:59:10 localhost dracut: *** Including module: fs-lib ***
May 28 07:59:10 localhost dracut: *** Including module: shutdown ***
May 28 07:59:10 localhost dracut: *** Including modules done ***
May 28 07:59:10 localhost dracut: *** Installing kernel module dependencies and firmware ***
May 28 07:59:11 localhost dracut: *** Installing kernel module dependencies and firmware done ***
May 28 07:59:11 localhost dracut: *** Resolving executable dependencies ***
May 28 07:59:13 localhost dracut: *** Resolving executable dependencies done***
May 28 07:59:13 localhost dracut: *** Hardlinking files ***
May 28 07:59:13 localhost dracut: *** Hardlinking files done ***
May 28 07:59:13 localhost dracut: *** Stripping files ***
May 28 07:59:14 localhost dracut: *** Stripping files done ***
May 28 07:59:14 localhost dracut: *** Generating early-microcode cpio image contents ***
May 28 07:59:14 localhost dracut: *** No early-microcode cpio image needed ***
May 28 07:59:14 localhost dracut: *** Store current command line parameters ***
May 28 07:59:14 localhost dracut: *** Creating image file ***
May 28 07:59:23 localhost dracut: *** Creating image file done ***
May 28 07:59:41 localhost dracut: *** Creating initramfs image file '/boot/initramfs-3.10.0-1127.el7.x86_64.img' done ***
May 28 07:59:48 localhost systemd-udevd: Network interface NamePolicy= disabled on kernel command line, ignoring.
May 28 07:59:49 localhost kernel: vboxvideo: loading out-of-tree module taints kernel.
May 28 07:59:49 localhost kernel: vboxvideo: module verification failed: signature and/or required key missing - tainting kernel
May 28 07:59:49 localhost kernel: [drm] VRAM 01000000
May 28 07:59:49 localhost kernel: [TTM] Zone  kernel: Available graphics memory: 928758 kiB
May 28 07:59:49 localhost kernel: [TTM] Initializing pool allocator
May 28 07:59:49 localhost kernel: [TTM] Initializing DMA pool allocator
May 28 07:59:49 localhost kernel: fbcon: vboxdrmfb (fb0) is primary device
May 28 07:59:49 localhost kernel: Console: switching to colour frame buffer device 100x37
May 28 07:59:49 localhost kernel: vboxvideo 0000:00:02.0: fb0: vboxdrmfb frame buffer device
May 28 07:59:49 localhost kernel: [drm] Initialized vboxvideo 1.0.0 20130823 for 0000:00:02.0 on minor 0
May 28 07:59:49 localhost kernel: vgdrvHeartbeatInit: Setting up heartbeat to trigger every 2000 milliseconds
May 28 07:59:49 localhost kernel: input: Unspecified device as /devices/pci0000:00/0000:00:04.0/input/input6
May 28 07:59:49 localhost kernel: vboxguest: Successfully loaded version 6.1.6
May 28 07:59:49 localhost kernel: vboxguest: misc device minor 58, IRQ 20, I/O port d020, MMIO at 00000000f0400000 (size 0x400000)
May 28 07:59:49 localhost kernel: vboxsf: g_fHostFeatures=0x8000000f g_fSfFeatures=0x1 g_uSfLastFunction=29
May 28 07:59:49 localhost kernel: vboxsf: Successfully loaded version 6.1.6
May 28 07:59:49 localhost kernel: vboxsf: Successfully loaded version 6.1.6 on 3.10.0-1127.el7.x86_64 SMP mod_unload modversions  (LINUX_VERSION_CODE=0x30a00)
May 28 07:59:49 localhost systemd: Reloading.
May 28 07:59:50 localhost systemd: Reloading.
May 28 07:59:50 localhost systemd: Reloading.
May 28 07:59:50 localhost systemd: Starting vboxadd.service...
May 28 07:59:51 localhost vboxadd: VirtualBox Guest Additions: Starting.
May 28 07:59:51 localhost vboxadd: VirtualBox Guest Additions: Building the VirtualBox Guest Additions kernel
May 28 07:59:51 localhost vboxadd: modules.  This may take a while.
May 28 07:59:51 localhost vboxadd: VirtualBox Guest Additions: To build modules for other installed kernels, run
May 28 07:59:51 localhost vboxadd: VirtualBox Guest Additions:   /sbin/rcvboxadd quicksetup <version>
May 28 07:59:51 localhost vboxadd: VirtualBox Guest Additions: or
May 28 07:59:51 localhost vboxadd: VirtualBox Guest Additions:   /sbin/rcvboxadd quicksetup all
May 28 07:59:57 localhost vboxadd: VirtualBox Guest Additions: Running kernel modules will not be replaced until
May 28 07:59:57 localhost vboxadd: the system is restarted
May 28 07:59:58 localhost systemd: Started vboxadd.service.
May 28 07:59:58 localhost systemd: Starting vboxadd-service.service...
May 28 07:59:58 localhost vboxadd-service: vboxadd-service.sh: Starting VirtualBox Guest Addition service.
May 28 07:59:58 localhost vboxadd-service.sh: Starting VirtualBox Guest Addition service.
May 28 07:59:58 localhost kernel: 07:59:58.438868 main     VBoxService 6.1.6 r137129 (verbosity: 0) linux.amd64 (Apr  9 2020 19:52:18) release log#01207:59:58.438877 main     Log opened 2020-05-28T07:59:58.438797000Z
May 28 07:59:58 localhost kernel: 07:59:58.443582 main     OS Product: Linux
May 28 07:59:58 localhost kernel: 07:59:58.445423 main     OS Release: 3.10.0-1127.el7.x86_64
May 28 07:59:58 localhost kernel: 07:59:58.447347 main     OS Version: #1 SMP Tue Mar 31 23:36:51 UTC 2020
May 28 07:59:58 localhost kernel: 07:59:58.450450 main     Executable: /opt/VBoxGuestAdditions-6.1.6/sbin/VBoxService#01207:59:58.450458 main     Process ID: 4249#01207:59:58.450460 main     Package type: LINUX_64BITS_GENERIC
May 28 07:59:58 localhost kernel: 07:59:58.460444 main     6.1.6 r137129 started. Verbose level = 0
May 28 07:59:58 localhost vboxadd-service.sh: VirtualBox Guest Addition service started.
May 28 07:59:58 localhost systemd: Started vboxadd-service.service.
May 28 07:59:58 localhost kernel: 07:59:58.484304 main     vbglR3GuestCtrlDetectPeekGetCancelSupport: Supported (#1)
May 28 08:00:03 localhost NetworkManager[413]: <info>  [1590652803.1356] policy: auto-activating connection 'Wired connection 1' (ecd588de-85c4-3167-a6f4-7e5eedc6dbce)
May 28 08:00:03 localhost NetworkManager[413]: <info>  [1590652803.1387] device (eth1): Activation: starting connection 'Wired connection 1' (ecd588de-85c4-3167-a6f4-7e5eedc6dbce)
May 28 08:00:03 localhost NetworkManager[413]: <info>  [1590652803.1391] device (eth1): state change: disconnected -> prepare (reason 'none', sys-iface-state: 'managed')
May 28 08:00:03 localhost NetworkManager[413]: <info>  [1590652803.1407] device (eth1): state change: prepare -> config (reason 'none', sys-iface-state: 'managed')
May 28 08:00:03 localhost NetworkManager[413]: <info>  [1590652803.1470] device (eth1): state change: config -> ip-config (reason 'none', sys-iface-state: 'managed')
May 28 08:00:03 localhost NetworkManager[413]: <info>  [1590652803.1497] dhcp4 (eth1): activation: beginning transaction (timeout in 45 seconds)
May 28 08:00:03 localhost NetworkManager[413]: <info>  [1590652803.2316] dhcp4 (eth1): dhclient started with pid 4541
May 28 08:00:03 localhost dhclient[4541]: DHCPDISCOVER on eth1 to 255.255.255.255 port 67 interval 3 (xid=0xc785ad1)
May 28 08:00:03 localhost systemd-udevd: Network interface NamePolicy= disabled on kernel command line, ignoring.
May 28 08:00:06 localhost dhclient[4541]: DHCPDISCOVER on eth1 to 255.255.255.255 port 67 interval 4 (xid=0xc785ad1)
May 28 08:00:08 localhost dbus[338]: [system] Activating via systemd: service name='org.freedesktop.hostname1' unit='dbus-org.freedesktop.hostname1.service'
May 28 08:00:08 localhost systemd: Starting Hostname Service...
May 28 08:00:08 localhost dbus[338]: [system] Successfully activated service 'org.freedesktop.hostname1'
May 28 08:00:08 localhost NetworkManager[413]: <info>  [1590652808.8992] hostname: hostname changed from "localhost.localdomain" to "nfs-server"
May 28 08:00:08 localhost NetworkManager[413]: <info>  [1590652808.9000] policy: set-hostname: set hostname to 'nfs-server' (from system configuration)
May 28 08:00:08 localhost dbus[338]: [system] Activating via systemd: service name='org.freedesktop.nm_dispatcher' unit='dbus-org.freedesktop.nm-dispatcher.service'
May 28 08:00:08 localhost systemd-hostnamed: Changed host name to 'nfs-server'
May 28 08:00:08 localhost systemd: Started Hostname Service.
May 28 08:00:08 localhost systemd: Starting Network Manager Script Dispatcher Service...
May 28 08:00:09 localhost dbus[338]: [system] Successfully activated service 'org.freedesktop.nm_dispatcher'
May 28 08:00:09 localhost systemd: Started Network Manager Script Dispatcher Service.
May 28 08:00:09 localhost nm-dispatcher: req:1 'hostname': new request (3 scripts)
May 28 08:00:09 localhost nm-dispatcher: req:1 'hostname': start running ordered scripts...
May 28 08:00:09 localhost nm-dispatcher: req:2 'hostname': new request (3 scripts)
May 28 08:00:09 localhost nm-dispatcher: req:2 'hostname': start running ordered scripts...
May 28 08:00:10 localhost dhclient[4541]: DHCPDISCOVER on eth1 to 255.255.255.255 port 67 interval 6 (xid=0xc785ad1)
May 28 08:00:11 localhost systemd: Stopping Network Manager...
May 28 08:00:11 localhost NetworkManager[413]: <info>  [1590652811.0328] caught SIGTERM, shutting down normally.
May 28 08:00:11 localhost NetworkManager[413]: <info>  [1590652811.0503] dhcp4 (eth0): canceled DHCP transaction, DHCP client pid 476
May 28 08:00:11 localhost NetworkManager[413]: <info>  [1590652811.0504] dhcp4 (eth0): state changed bound -> done
May 28 08:00:11 localhost NetworkManager[413]: <info>  [1590652811.0505] device (eth0): DHCPv4: 480 seconds grace period started
May 28 08:00:11 localhost NetworkManager[413]: <info>  [1590652811.0526] manager: NetworkManager state is now CONNECTED_SITE
May 28 08:00:11 localhost nm-dispatcher: req:3 'connectivity-change': new request (3 scripts)
May 28 08:00:11 localhost nm-dispatcher: req:3 'connectivity-change': start running ordered scripts...
May 28 08:00:11 localhost NetworkManager[413]: <info>  [1590652811.0735] dhcp4 (eth1): canceled DHCP transaction, DHCP client pid 4541
May 28 08:00:11 localhost NetworkManager[413]: <info>  [1590652811.0737] dhcp4 (eth1): state changed unknown -> done
May 28 08:00:11 localhost NetworkManager[413]: <info>  [1590652811.0738] dhcp4 (eth1): canceled DHCP transaction
May 28 08:00:11 localhost NetworkManager[413]: <info>  [1590652811.0767] exiting (success)
May 28 08:00:11 localhost systemd: Stopped Network Manager.
May 28 08:00:11 localhost systemd: Starting Network Manager...
May 28 08:00:11 localhost NetworkManager[5101]: <info>  [1590652811.2479] NetworkManager (version 1.18.4-3.el7) is starting... (after a restart)
May 28 08:00:11 localhost NetworkManager[5101]: <info>  [1590652811.2485] Read config: /etc/NetworkManager/NetworkManager.conf (lib: 10-slaves-order.conf)
May 28 08:00:11 localhost systemd: Started Network Manager.
May 28 08:00:11 localhost NetworkManager[5101]: <info>  [1590652811.3202] bus-manager: acquired D-Bus service "org.freedesktop.NetworkManager"
May 28 08:00:11 localhost NetworkManager[5101]: <info>  [1590652811.3245] manager[0x562422e1c060]: monitoring kernel firmware directory '/lib/firmware'.
May 28 08:00:11 localhost NetworkManager[5101]: <info>  [1590652811.3382] hostname: hostname: using hostnamed
May 28 08:00:11 localhost NetworkManager[5101]: <info>  [1590652811.3383] hostname: hostname changed from (none) to "nfs-server"
May 28 08:00:11 localhost NetworkManager[5101]: <info>  [1590652811.3400] dns-mgr[0x562422e00220]: init: dns=default,systemd-resolved rc-manager=file
May 28 08:00:11 localhost NetworkManager[5101]: <info>  [1590652811.3649] settings: Loaded settings plugin: SettingsPluginIfcfg ("/usr/lib64/NetworkManager/1.18.4-3.el7/libnm-settings-plugin-ifcfg-rh.so")
May 28 08:00:11 localhost NetworkManager[5101]: <info>  [1590652811.3655] settings: Loaded settings plugin: NMSIbftPlugin ("/usr/lib64/NetworkManager/1.18.4-3.el7/libnm-settings-plugin-ibft.so")
May 28 08:00:11 localhost NetworkManager[5101]: <info>  [1590652811.3656] settings: Loaded settings plugin: NMSKeyfilePlugin (internal)
May 28 08:00:11 localhost NetworkManager[5101]: <info>  [1590652811.3698] ifcfg-rh: new connection /etc/sysconfig/network-scripts/ifcfg-eth0 (5fb06bd0-0bb0-7ffb-45f1-d6edd65f3e03,"System eth0")
May 28 08:00:11 localhost NetworkManager[5101]: <info>  [1590652811.3847] manager: rfkill: Wi-Fi enabled by radio killswitch; enabled by state file
May 28 08:00:11 localhost NetworkManager[5101]: <info>  [1590652811.3849] manager: rfkill: WWAN enabled by radio killswitch; enabled by state file
May 28 08:00:11 localhost NetworkManager[5101]: <info>  [1590652811.3851] manager: Networking is enabled by state file
May 28 08:00:11 localhost NetworkManager[5101]: <info>  [1590652811.3859] dhcp-init: Using DHCP client 'dhclient'
May 28 08:00:11 localhost NetworkManager[5101]: <info>  [1590652811.3903] Loaded device plugin: NMTeamFactory (/usr/lib64/NetworkManager/1.18.4-3.el7/libnm-device-plugin-team.so)
May 28 08:00:11 localhost NetworkManager[5101]: <info>  [1590652811.3935] device (lo): carrier: link connected
May 28 08:00:11 localhost NetworkManager[5101]: <info>  [1590652811.4002] manager: (lo): new Generic device (/org/freedesktop/NetworkManager/Devices/1)
May 28 08:00:11 localhost NetworkManager[5101]: <info>  [1590652811.4064] device (eth0): carrier: link connected
May 28 08:00:11 localhost NetworkManager[5101]: <info>  [1590652811.4096] manager: (eth0): new Ethernet device (/org/freedesktop/NetworkManager/Devices/2)
May 28 08:00:11 localhost NetworkManager[5101]: <info>  [1590652811.4280] manager: (eth0): assume: will attempt to assume matching connection 'System eth0' (5fb06bd0-0bb0-7ffb-45f1-d6edd65f3e03) (indicated)
May 28 08:00:11 localhost NetworkManager[5101]: <info>  [1590652811.4283] device (eth0): state change: unmanaged -> unavailable (reason 'connection-assumed', sys-iface-state: 'assume')
May 28 08:00:11 localhost NetworkManager[5101]: <info>  [1590652811.4433] device (eth0): state change: unavailable -> disconnected (reason 'connection-assumed', sys-iface-state: 'assume')
May 28 08:00:11 localhost NetworkManager[5101]: <info>  [1590652811.4489] device (eth0): Activation: starting connection 'System eth0' (5fb06bd0-0bb0-7ffb-45f1-d6edd65f3e03)
May 28 08:00:11 localhost nm-dispatcher: req:4 'hostname': new request (3 scripts)
May 28 08:00:11 localhost nm-dispatcher: req:4 'hostname': start running ordered scripts...
May 28 08:00:11 localhost NetworkManager[5101]: <info>  [1590652811.4634] device (eth1): carrier: link connected
May 28 08:00:11 localhost NetworkManager[5101]: <info>  [1590652811.4645] manager: (eth1): new Ethernet device (/org/freedesktop/NetworkManager/Devices/3)
May 28 08:00:11 localhost NetworkManager[5101]: <info>  [1590652811.4678] ifcfg-rh: add connection in-memory (ecd588de-85c4-3167-a6f4-7e5eedc6dbce,"Wired connection 1")
May 28 08:00:11 localhost NetworkManager[5101]: <info>  [1590652811.4689] settings: (eth1): created default wired connection 'Wired connection 1'
May 28 08:00:11 localhost NetworkManager[5101]: <info>  [1590652811.4703] manager: (eth1): assume: will attempt to assume matching connection 'Wired connection 1' (ecd588de-85c4-3167-a6f4-7e5eedc6dbce) (indicated)
May 28 08:00:11 localhost NetworkManager[5101]: <info>  [1590652811.4704] device (eth1): state change: unmanaged -> unavailable (reason 'connection-assumed', sys-iface-state: 'assume')
May 28 08:00:11 localhost NetworkManager[5101]: <info>  [1590652811.4733] device (eth1): state change: unavailable -> disconnected (reason 'connection-assumed', sys-iface-state: 'assume')
May 28 08:00:11 localhost nm-dispatcher: req:5 'connectivity-change': new request (3 scripts)
May 28 08:00:11 localhost NetworkManager[5101]: <info>  [1590652811.4999] device (eth1): Activation: starting connection 'Wired connection 1' (ecd588de-85c4-3167-a6f4-7e5eedc6dbce)
May 28 08:00:11 localhost NetworkManager[5101]: <info>  [1590652811.5038] device (eth0): state change: disconnected -> prepare (reason 'none', sys-iface-state: 'assume')
May 28 08:00:11 localhost NetworkManager[5101]: <info>  [1590652811.5050] device (eth1): state change: disconnected -> prepare (reason 'none', sys-iface-state: 'assume')
May 28 08:00:11 localhost NetworkManager[5101]: <info>  [1590652811.5063] device (eth0): state change: prepare -> config (reason 'none', sys-iface-state: 'assume')
May 28 08:00:11 localhost NetworkManager[5101]: <info>  [1590652811.5067] device (eth1): state change: prepare -> config (reason 'none', sys-iface-state: 'assume')
May 28 08:00:11 localhost NetworkManager[5101]: <info>  [1590652811.5332] device (eth0): state change: config -> ip-config (reason 'none', sys-iface-state: 'assume')
May 28 08:00:11 localhost NetworkManager[5101]: <info>  [1590652811.5370] dhcp4 (eth0): activation: beginning transaction (timeout in 45 seconds)
May 28 08:00:11 localhost NetworkManager[5101]: <info>  [1590652811.5830] dhcp4 (eth0): dhclient started with pid 5119
May 28 08:00:11 localhost NetworkManager[5101]: <info>  [1590652811.5855] device (eth1): state change: config -> ip-config (reason 'none', sys-iface-state: 'assume')
May 28 08:00:11 localhost NetworkManager[5101]: <info>  [1590652811.5868] dhcp4 (eth1): activation: beginning transaction (timeout in 45 seconds)
May 28 08:00:11 localhost NetworkManager[5101]: <info>  [1590652811.6391] dhcp4 (eth1): dhclient started with pid 5122
May 28 08:00:11 localhost nm-dispatcher: req:5 'connectivity-change': start running ordered scripts...
May 28 08:00:11 localhost dhclient[5119]: DHCPREQUEST on eth0 to 255.255.255.255 port 67 (xid=0x7b7550c3)
May 28 08:00:11 localhost dhclient[5119]: DHCPACK from 10.0.2.2 (xid=0x7b7550c3)
May 28 08:00:11 localhost dhclient[5122]: DHCPDISCOVER on eth1 to 255.255.255.255 port 67 interval 6 (xid=0x75991e35)
May 28 08:00:11 localhost NetworkManager[5101]: <info>  [1590652811.8970] dhcp4 (eth0):   address 10.0.2.15
May 28 08:00:11 localhost NetworkManager[5101]: <info>  [1590652811.8971] dhcp4 (eth0):   plen 24 (255.255.255.0)
May 28 08:00:11 localhost NetworkManager[5101]: <info>  [1590652811.8972] dhcp4 (eth0):   gateway 10.0.2.2
May 28 08:00:11 localhost NetworkManager[5101]: <info>  [1590652811.8972] dhcp4 (eth0):   lease time 86400
May 28 08:00:11 localhost NetworkManager[5101]: <info>  [1590652811.8973] dhcp4 (eth0):   nameserver '10.0.2.3'
May 28 08:00:11 localhost NetworkManager[5101]: <info>  [1590652811.8973] dhcp4 (eth0): state changed unknown -> bound
May 28 08:00:11 localhost NetworkManager[5101]: <info>  [1590652811.8992] device (eth0): state change: ip-config -> ip-check (reason 'none', sys-iface-state: 'assume')
May 28 08:00:11 localhost NetworkManager[5101]: <info>  [1590652811.9012] device (eth0): state change: ip-check -> secondaries (reason 'none', sys-iface-state: 'assume')
May 28 08:00:11 localhost NetworkManager[5101]: <info>  [1590652811.9017] device (eth0): state change: secondaries -> activated (reason 'none', sys-iface-state: 'assume')
May 28 08:00:11 localhost NetworkManager[5101]: <info>  [1590652811.9030] manager: NetworkManager state is now CONNECTED_LOCAL
May 28 08:00:11 localhost NetworkManager[5101]: <info>  [1590652811.9198] manager: NetworkManager state is now CONNECTED_SITE
May 28 08:00:11 localhost NetworkManager[5101]: <info>  [1590652811.9202] policy: set 'System eth0' (eth0) as default for IPv4 routing and DNS
May 28 08:00:11 localhost NetworkManager[5101]: <info>  [1590652811.9425] device (eth0): Activation: successful, device activated.
May 28 08:00:11 localhost NetworkManager[5101]: <info>  [1590652811.9440] manager: NetworkManager state is now CONNECTED_GLOBAL
May 28 08:00:11 localhost nm-dispatcher: req:6 'up' [eth0]: new request (3 scripts)
May 28 08:00:11 localhost nm-dispatcher: req:7 'connectivity-change': new request (3 scripts)
May 28 08:00:11 localhost dhclient[5119]: bound to 10.0.2.15 -- renewal in 36822 seconds.
May 28 08:00:12 localhost nm-dispatcher: req:6 'up' [eth0]: start running ordered scripts...
May 28 08:00:12 localhost nm-dispatcher: req:7 'connectivity-change': start running ordered scripts...
May 28 08:00:16 localhost NetworkManager[5101]: <info>  [1590652816.7282] device (eth1): state change: ip-config -> deactivating (reason 'user-requested', sys-iface-state: 'assume')
May 28 08:00:16 localhost NetworkManager[5101]: <info>  [1590652816.7299] audit: op="device-disconnect" interface="eth1" ifindex=3 pid=5563 uid=0 result="success"
May 28 08:00:16 localhost NetworkManager[5101]: <info>  [1590652816.7301] device (eth1): state change: deactivating -> disconnected (reason 'user-requested', sys-iface-state: 'assume')
May 28 08:00:16 localhost NetworkManager[5101]: <info>  [1590652816.7479] dhcp4 (eth1): canceled DHCP transaction, DHCP client pid 5122
May 28 08:00:16 localhost NetworkManager[5101]: <info>  [1590652816.7480] dhcp4 (eth1): state changed unknown -> done
May 28 08:00:16 localhost NetworkManager[5101]: <info>  [1590652816.7539] manager: startup complete
May 28 08:00:16 localhost nm-dispatcher: req:8 'down' [eth1]: new request (3 scripts)
May 28 08:00:16 localhost nm-dispatcher: req:8 'down' [eth1]: start running ordered scripts...
May 28 08:00:16 localhost systemd: Stopping Network Manager...
May 28 08:00:16 localhost NetworkManager[5101]: <info>  [1590652816.9183] caught SIGTERM, shutting down normally.
May 28 08:00:16 localhost NetworkManager[5101]: <info>  [1590652816.9246] dhcp4 (eth0): canceled DHCP transaction, DHCP client pid 5119
May 28 08:00:16 localhost NetworkManager[5101]: <info>  [1590652816.9247] dhcp4 (eth0): state changed bound -> done
May 28 08:00:16 localhost NetworkManager[5101]: <info>  [1590652816.9248] device (eth0): DHCPv4: 480 seconds grace period started
May 28 08:00:16 localhost NetworkManager[5101]: <info>  [1590652816.9260] manager: NetworkManager state is now CONNECTED_SITE
May 28 08:00:16 localhost nm-dispatcher: req:9 'connectivity-change': new request (3 scripts)
May 28 08:00:16 localhost nm-dispatcher: req:10 'connectivity-change': new request (3 scripts)
May 28 08:00:16 localhost NetworkManager[5101]: <info>  [1590652816.9423] exiting (success)
May 28 08:00:16 localhost systemd: Stopped Network Manager.
May 28 08:00:16 localhost systemd: Starting Network Manager...
May 28 08:00:17 localhost nm-dispatcher: req:9 'connectivity-change': start running ordered scripts...
May 28 08:00:17 localhost NetworkManager[5583]: <info>  [1590652817.0736] NetworkManager (version 1.18.4-3.el7) is starting... (after a restart)
May 28 08:00:17 localhost NetworkManager[5583]: <info>  [1590652817.0744] Read config: /etc/NetworkManager/NetworkManager.conf (lib: 10-slaves-order.conf)
May 28 08:00:17 localhost systemd: Started Network Manager.
May 28 08:00:17 localhost NetworkManager[5583]: <info>  [1590652817.1492] bus-manager: acquired D-Bus service "org.freedesktop.NetworkManager"
May 28 08:00:17 localhost NetworkManager[5583]: <info>  [1590652817.1512] manager[0x55b41aee0020]: monitoring kernel firmware directory '/lib/firmware'.
May 28 08:00:17 localhost NetworkManager[5583]: <info>  [1590652817.1654] hostname: hostname: using hostnamed
May 28 08:00:17 localhost NetworkManager[5583]: <info>  [1590652817.1655] hostname: hostname changed from (none) to "nfs-server"
May 28 08:00:17 localhost NetworkManager[5583]: <info>  [1590652817.1666] dns-mgr[0x55b41aec4220]: init: dns=default,systemd-resolved rc-manager=file
May 28 08:00:17 localhost NetworkManager[5583]: <info>  [1590652817.1795] settings: Loaded settings plugin: SettingsPluginIfcfg ("/usr/lib64/NetworkManager/1.18.4-3.el7/libnm-settings-plugin-ifcfg-rh.so")
May 28 08:00:17 localhost NetworkManager[5583]: <info>  [1590652817.1800] settings: Loaded settings plugin: NMSIbftPlugin ("/usr/lib64/NetworkManager/1.18.4-3.el7/libnm-settings-plugin-ibft.so")
May 28 08:00:17 localhost NetworkManager[5583]: <info>  [1590652817.1801] settings: Loaded settings plugin: NMSKeyfilePlugin (internal)
May 28 08:00:17 localhost NetworkManager[5583]: <info>  [1590652817.1856] ifcfg-rh: new connection /etc/sysconfig/network-scripts/ifcfg-eth1 (9c92fad9-6ecb-3e6c-eb4d-8a47c6f50c04,"System eth1")
May 28 08:00:17 localhost NetworkManager[5583]: <info>  [1590652817.1876] ifcfg-rh: new connection /etc/sysconfig/network-scripts/ifcfg-eth0 (5fb06bd0-0bb0-7ffb-45f1-d6edd65f3e03,"System eth0")
May 28 08:00:17 localhost NetworkManager[5583]: <info>  [1590652817.2142] manager: rfkill: Wi-Fi enabled by radio killswitch; enabled by state file
May 28 08:00:17 localhost NetworkManager[5583]: <info>  [1590652817.2145] manager: rfkill: WWAN enabled by radio killswitch; enabled by state file
May 28 08:00:17 localhost NetworkManager[5583]: <info>  [1590652817.2147] manager: Networking is enabled by state file
May 28 08:00:17 localhost NetworkManager[5583]: <info>  [1590652817.2150] dhcp-init: Using DHCP client 'dhclient'
May 28 08:00:17 localhost NetworkManager[5583]: <info>  [1590652817.2197] Loaded device plugin: NMTeamFactory (/usr/lib64/NetworkManager/1.18.4-3.el7/libnm-device-plugin-team.so)
May 28 08:00:17 localhost NetworkManager[5583]: <info>  [1590652817.2216] device (lo): carrier: link connected
May 28 08:00:17 localhost NetworkManager[5583]: <info>  [1590652817.2224] manager: (lo): new Generic device (/org/freedesktop/NetworkManager/Devices/1)
May 28 08:00:17 localhost NetworkManager[5583]: <info>  [1590652817.2244] device (eth0): carrier: link connected
May 28 08:00:17 localhost NetworkManager[5583]: <info>  [1590652817.2254] manager: (eth0): new Ethernet device (/org/freedesktop/NetworkManager/Devices/2)
May 28 08:00:17 localhost nm-dispatcher: req:11 'hostname': new request (3 scripts)
May 28 08:00:17 localhost NetworkManager[5583]: <info>  [1590652817.2465] manager: (eth0): assume: will attempt to assume matching connection 'System eth0' (5fb06bd0-0bb0-7ffb-45f1-d6edd65f3e03) (indicated)
May 28 08:00:17 localhost NetworkManager[5583]: <info>  [1590652817.2466] device (eth0): state change: unmanaged -> unavailable (reason 'connection-assumed', sys-iface-state: 'assume')
May 28 08:00:17 localhost NetworkManager[5583]: <info>  [1590652817.2497] device (eth0): state change: unavailable -> disconnected (reason 'connection-assumed', sys-iface-state: 'assume')
May 28 08:00:17 localhost nm-dispatcher: req:12 'connectivity-change': new request (3 scripts)
May 28 08:00:17 localhost NetworkManager[5583]: <info>  [1590652817.2780] device (eth0): Activation: starting connection 'System eth0' (5fb06bd0-0bb0-7ffb-45f1-d6edd65f3e03)
